/home/sherryli/xsli/softwares/anaconda3/envs/lightning/lib/python3.11/site-packages/torch/nn/modules/transformer.py:379: UserWarning: enable_nested_tensor is True, but self.use_nested_tensor is False because encoder_layer.norm_first was True
  warnings.warn(
AR seeds  : U/N 1.585e+14  clash 30.2%   | RAND seeds: U/N 2.227e+22  clash 84.6%   eq ~ -3.2600
=== ARM ar+swap ===
ar+swap   t=    67s  U/N -2.6829  clash  0.00%
ar+swap   t=   111s  U/N -2.8283  clash  0.00%
ar+swap   t=   153s  U/N -2.8824  clash  0.00%
ar+swap   t=   204s  U/N -2.9292  clash  0.00%
ar+swap   t=   272s  U/N -2.9446  clash  0.00%
ar+swap   t=   340s  U/N -2.9708  clash  0.00%
ar+swap   t=   409s  U/N -2.9890  clash  0.00%
ar+swap   t=   477s  U/N -2.9843  clash  0.00%
ar+swap   t=   545s  U/N -2.9942  clash  0.00%
ar+swap   t=   613s  U/N -3.0021  clash  0.00%
ar+swap   t=   682s  U/N -3.0069  clash  0.00%
ar+swap   t=   750s  U/N -3.0190  clash  0.00%
ar+swap   t=   818s  U/N -3.0116  clash  0.00%
ar+swap   t=   886s  U/N -3.0161  clash  0.00%
ar+swap   t=   967s  U/N -3.0246  clash  0.00%
saved FULL trajectory /mnt/ssd/GridTransformer/liquid_coupling_flow/artifacts/arstart_traj_ar_swap.pt  states=3001
=== ARM ar+mtm ===
ar+mtm    t=    16s  U/N 158432710665175.0312  clash 28.80%  mtm_p 0.573
ar+mtm    t=    33s  U/N 4991325634.5600  clash 26.12%  mtm_p 0.527
ar+mtm    t=    49s  U/N 21238862.0800  clash 24.41%  mtm_p 0.483
ar+mtm    t=    66s  U/N 2348.8692  clash 22.52%  mtm_p 0.448
ar+mtm    t=    82s  U/N 804.8130  clash 20.98%  mtm_p 0.427
ar+mtm    t=    98s  U/N 187.5468  clash 18.53%  mtm_p 0.368
ar+mtm    t=   115s  U/N 137.8861  clash 16.91%  mtm_p 0.322
ar+mtm    t=   131s  U/N 89.1417  clash 15.75%  mtm_p 0.289
ar+mtm    t=   147s  U/N 76.0056  clash 14.70%  mtm_p 0.263
ar+mtm    t=   164s  U/N 58.6153  clash 14.36%  mtm_p 0.220
ar+mtm    t=   180s  U/N 52.3997  clash 13.70%  mtm_p 0.196
ar+mtm    t=   196s  U/N 35.7753  clash 13.08%  mtm_p 0.177
ar+mtm    t=   213s  U/N 31.7625  clash 12.09%  mtm_p 0.162
ar+mtm    t=   229s  U/N 26.5809  clash 11.09%  mtm_p 0.154
ar+mtm    t=   246s  U/N 23.1694  clash 10.67%  mtm_p 0.159
ar+mtm    t=   262s  U/N 21.4272  clash  9.98%  mtm_p 0.155
ar+mtm    t=   278s  U/N 20.8807  clash  9.45%  mtm_p 0.142
ar+mtm    t=   295s  U/N 17.6833  clash  9.02%  mtm_p 0.131
ar+mtm    t=   311s  U/N 16.3026  clash  8.69%  mtm_p 0.113
ar+mtm    t=   328s  U/N 13.5754  clash  8.36%  mtm_p 0.103
ar+mtm    t=   344s  U/N 12.3488  clash  7.81%  mtm_p 0.101
ar+mtm    t=   360s  U/N 11.9417  clash  7.59%  mtm_p 0.095
ar+mtm    t=   377s  U/N 10.7096  clash  7.53%  mtm_p 0.096
ar+mtm    t=   393s  U/N 10.4064  clash  7.27%  mtm_p 0.096
ar+mtm    t=   410s  U/N 9.8509  clash  6.80%  mtm_p 0.095
ar+mtm    t=   426s  U/N 9.2980  clash  6.69%  mtm_p 0.082
ar+mtm    t=   442s  U/N 8.7079  clash  6.64%  mtm_p 0.083
ar+mtm    t=   459s  U/N 8.5855  clash  6.64%  mtm_p 0.077
ar+mtm    t=   475s  U/N 8.1300  clash  6.28%  mtm_p 0.076
ar+mtm    t=   491s  U/N 7.6670  clash  6.09%  mtm_p 0.070
ar+mtm    t=   508s  U/N 7.3908  clash  6.05%  mtm_p 0.073
ar+mtm    t=   524s  U/N 7.2950  clash  5.73%  mtm_p 0.072
ar+mtm    t=   541s  U/N 6.9451  clash  5.73%  mtm_p 0.067
ar+mtm    t=   557s  U/N 6.5280  clash  5.61%  mtm_p 0.064
ar+mtm    t=   574s  U/N 6.4178  clash  5.48%  mtm_p 0.059
ar+mtm    t=   590s  U/N 6.3668  clash  5.41%  mtm_p 0.051
ar+mtm    t=   606s  U/N 6.2219  clash  5.36%  mtm_p 0.047
ar+mtm    t=   623s  U/N 5.9650  clash  5.31%  mtm_p 0.044
ar+mtm    t=   639s  U/N 5.7706  clash  5.09%  mtm_p 0.042
ar+mtm    t=   655s  U/N 5.4157  clash  4.83%  mtm_p 0.050
ar+mtm    t=   672s  U/N 5.2744  clash  4.81%  mtm_p 0.052
ar+mtm    t=   688s  U/N 5.0673  clash  4.59%  mtm_p 0.054
ar+mtm    t=   704s  U/N 4.9680  clash  4.55%  mtm_p 0.055
ar+mtm    t=   721s  U/N 4.6092  clash  4.41%  mtm_p 0.056
ar+mtm    t=   737s  U/N 4.3498  clash  4.33%  mtm_p 0.052
ar+mtm    t=   753s  U/N 4.0841  clash  4.16%  mtm_p 0.050
ar+mtm    t=   770s  U/N 4.0538  clash  4.19%  mtm_p 0.045
ar+mtm    t=   786s  U/N 3.9724  clash  3.98%  mtm_p 0.047
ar+mtm    t=   803s  U/N 3.6551  clash  3.86%  mtm_p 0.047
ar+mtm    t=   819s  U/N 3.5953  clash  3.89%  mtm_p 0.046
ar+mtm    t=   835s  U/N 3.3641  clash  4.03%  mtm_p 0.050
ar+mtm    t=   852s  U/N 3.3102  clash  3.98%  mtm_p 0.053
ar+mtm    t=   868s  U/N 3.2113  clash  3.89%  mtm_p 0.052
ar+mtm    t=   885s  U/N 3.0523  clash  3.81%  mtm_p 0.047
ar+mtm    t=   901s  U/N 2.9395  clash  3.83%  mtm_p 0.048
saved FULL trajectory /mnt/ssd/GridTransformer/liquid_coupling_flow/artifacts/arstart_traj_ar_mtm.pt  states=441
=== ARM ar+hybrid ===
ar+hybrid t=    63s  U/N -2.4247  clash  0.00%  mtm_p 0.006
ar+hybrid t=   126s  U/N -2.6806  clash  0.00%  mtm_p 0.007
ar+hybrid t=   189s  U/N -2.7954  clash  0.00%  mtm_p 0.012
ar+hybrid t=   252s  U/N -2.8305  clash  0.00%  mtm_p 0.019
ar+hybrid t=   315s  U/N -2.8624  clash  0.00%  mtm_p 0.021
ar+hybrid t=   378s  U/N -2.8799  clash  0.00%  mtm_p 0.021
ar+hybrid t=   441s  U/N -2.9100  clash  0.00%  mtm_p 0.022
ar+hybrid t=   504s  U/N -2.9458  clash  0.00%  mtm_p 0.022
ar+hybrid t=   567s  U/N -2.9329  clash  0.00%  mtm_p 0.021
ar+hybrid t=   630s  U/N -2.9321  clash  0.00%  mtm_p 0.024
ar+hybrid t=   693s  U/N -2.9629  clash  0.00%  mtm_p 0.027
ar+hybrid t=   756s  U/N -2.9606  clash  0.00%  mtm_p 0.030
ar+hybrid t=   819s  U/N -2.9615  clash  0.00%  mtm_p 0.030
ar+hybrid t=   882s  U/N -2.9895  clash  0.00%  mtm_p 0.031
ar+hybrid t=   942s  U/N -2.9982  clash  0.00%  mtm_p 0.031
saved FULL trajectory /mnt/ssd/GridTransformer/liquid_coupling_flow/artifacts/arstart_traj_ar_hybrid.pt  states=1561
=== ARM rand+swap ===
rand+swap t=   108s  U/N -2.4029  clash  0.00%
rand+swap t=   216s  U/N -2.6990  clash  0.00%
rand+swap t=   325s  U/N -2.8074  clash  0.00%
rand+swap t=   472s  U/N -2.8568  clash  0.00%
rand+swap t=   619s  U/N -2.8858  clash  0.00%
rand+swap t=   767s  U/N -2.9201  clash  0.00%
rand+swap t=   914s  U/N -2.9306  clash  0.00%
saved FULL trajectory /mnt/ssd/GridTransformer/liquid_coupling_flow/artifacts/arstart_traj_rand_swap.pt  states=1401
BENCH COMPLETE
