/home/sherryli/xsli/softwares/anaconda3/envs/lightning/lib/python3.11/site-packages/torch/nn/modules/transformer.py:379: UserWarning: enable_nested_tensor is True, but self.use_nested_tensor is False because encoder_layer.norm_first was True
  warnings.warn(
START (shallow slice, original order): U/N -3.2194   equilibrium ~ -3.2600
mtm validity assertions PASS
=== ARM swap (budget 900s) ===
swap   t=    16s  U/N -3.2447  Q 0.942  MSD 0.0373
swap   t=    32s  U/N -3.2382  Q 0.879  MSD 0.0561
swap   t=    48s  U/N -3.2510  Q 0.827  MSD 0.0690
swap   t=    64s  U/N -3.2493  Q 0.773  MSD 0.0903
swap   t=    81s  U/N -3.2534  Q 0.725  MSD 0.1042
swap   t=    97s  U/N -3.2402  Q 0.708  MSD 0.1098
swap   t=   113s  U/N -3.2444  Q 0.680  MSD 0.1228
swap   t=   121s  U/N -3.2500  Q 0.653  MSD 0.1298
swap   t=   137s  U/N -3.2583  Q 0.626  MSD 0.1357
swap   t=   153s  U/N -3.2589  Q 0.597  MSD 0.1481
swap   t=   169s  U/N -3.2514  Q 0.580  MSD 0.1511
swap   t=   185s  U/N -3.2537  Q 0.570  MSD 0.1557
swap   t=   201s  U/N -3.2639  Q 0.540  MSD 0.1672
swap   t=   217s  U/N -3.2597  Q 0.512  MSD 0.1768
swap   t=   233s  U/N -3.2549  Q 0.496  MSD 0.1830
swap   t=   241s  U/N -3.2599  Q 0.492  MSD 0.1874
swap   t=   257s  U/N -3.2654  Q 0.466  MSD 0.2049
swap   t=   273s  U/N -3.2611  Q 0.458  MSD 0.2100
swap   t=   289s  U/N -3.2575  Q 0.451  MSD 0.2187
swap   t=   305s  U/N -3.2653  Q 0.432  MSD 0.2251
swap   t=   321s  U/N -3.2778  Q 0.448  MSD 0.2266
swap   t=   337s  U/N -3.2546  Q 0.428  MSD 0.2377
swap   t=   353s  U/N -3.2605  Q 0.423  MSD 0.2479
swap   t=   361s  U/N -3.2721  Q 0.428  MSD 0.2484
swap   t=   377s  U/N -3.2585  Q 0.417  MSD 0.2475
swap   t=   393s  U/N -3.2617  Q 0.409  MSD 0.2519
swap   t=   409s  U/N -3.2598  Q 0.400  MSD 0.2589
swap   t=   425s  U/N -3.2590  Q 0.402  MSD 0.2610
swap   t=   441s  U/N -3.2671  Q 0.393  MSD 0.2689
swap   t=   457s  U/N -3.2635  Q 0.382  MSD 0.2843
swap   t=   473s  U/N -3.2501  Q 0.385  MSD 0.2884
swap   t=   481s  U/N -3.2746  Q 0.368  MSD 0.2900
swap   t=   497s  U/N -3.2616  Q 0.366  MSD 0.2996
swap   t=   513s  U/N -3.2677  Q 0.350  MSD 0.3065
swap   t=   529s  U/N -3.2704  Q 0.344  MSD 0.3154
swap   t=   545s  U/N -3.2771  Q 0.350  MSD 0.3182
swap   t=   561s  U/N -3.2622  Q 0.338  MSD 0.3307
swap   t=   577s  U/N -3.2749  Q 0.342  MSD 0.3310
swap   t=   585s  U/N -3.2747  Q 0.342  MSD 0.3345
swap   t=   601s  U/N -3.2726  Q 0.352  MSD 0.3406
swap   t=   617s  U/N -3.2635  Q 0.340  MSD 0.3568
swap   t=   633s  U/N -3.2708  Q 0.344  MSD 0.3612
swap   t=   649s  U/N -3.2618  Q 0.337  MSD 0.3732
swap   t=   665s  U/N -3.2574  Q 0.338  MSD 0.3742
swap   t=   680s  U/N -3.2626  Q 0.353  MSD 0.3669
swap   t=   696s  U/N -3.2738  Q 0.346  MSD 0.3719
swap   t=   712s  U/N -3.2794  Q 0.337  MSD 0.3769
swap   t=   728s  U/N -3.2658  Q 0.324  MSD 0.3898
swap   t=   735s  U/N -3.2630  Q 0.330  MSD 0.3914
swap   t=   751s  U/N -3.2599  Q 0.320  MSD 0.4138
swap   t=   767s  U/N -3.2678  Q 0.310  MSD 0.4212
swap   t=   783s  U/N -3.2693  Q 0.309  MSD 0.4300
swap   t=   799s  U/N -3.2702  Q 0.300  MSD 0.4418
swap   t=   815s  U/N -3.2616  Q 0.298  MSD 0.4505
swap   t=   831s  U/N -3.2630  Q 0.292  MSD 0.4559
swap   t=   846s  U/N -3.2802  Q 0.303  MSD 0.4654
swap   t=   862s  U/N -3.2674  Q 0.281  MSD 0.4958
swap   t=   870s  U/N -3.2652  Q 0.288  MSD 0.4955
swap   t=   886s  U/N -3.2635  Q 0.284  MSD 0.5020
swap   t=   902s  U/N -3.2696  Q 0.277  MSD 0.5068
=== ARM mtm (budget 900s) ===
mtm    t=    17s  U/N -3.2273  Q 0.962  MSD 0.0675  mtm_p 0.0658
mtm    t=    30s  U/N -3.2291  Q 0.947  MSD 0.1010  mtm_p 0.0617
mtm    t=    48s  U/N -3.2347  Q 0.923  MSD 0.1481  mtm_p 0.0562
mtm    t=    61s  U/N -3.2349  Q 0.909  MSD 0.1799  mtm_p 0.0571
mtm    t=    78s  U/N -3.2332  Q 0.895  MSD 0.2117  mtm_p 0.0572
mtm    t=    91s  U/N -3.2326  Q 0.886  MSD 0.2362  mtm_p 0.0473
mtm    t=   109s  U/N -3.2373  Q 0.874  MSD 0.2670  mtm_p 0.0476
mtm    t=   122s  U/N -3.2328  Q 0.864  MSD 0.2872  mtm_p 0.0492
mtm    t=   139s  U/N -3.2299  Q 0.849  MSD 0.3222  mtm_p 0.0525
mtm    t=   152s  U/N -3.2322  Q 0.842  MSD 0.3413  mtm_p 0.0506
mtm    t=   165s  U/N -3.2312  Q 0.831  MSD 0.3709  mtm_p 0.0501
mtm    t=   183s  U/N -3.2339  Q 0.819  MSD 0.4126  mtm_p 0.0568
mtm    t=   196s  U/N -3.2353  Q 0.808  MSD 0.4492  mtm_p 0.0510
mtm    t=   213s  U/N -3.2334  Q 0.798  MSD 0.4781  mtm_p 0.0467
mtm    t=   227s  U/N -3.2354  Q 0.791  MSD 0.4989  mtm_p 0.0480
mtm    t=   244s  U/N -3.2337  Q 0.782  MSD 0.5245  mtm_p 0.0427
mtm    t=   257s  U/N -3.2336  Q 0.775  MSD 0.5515  mtm_p 0.0467
mtm    t=   270s  U/N -3.2330  Q 0.768  MSD 0.5709  mtm_p 0.0449
mtm    t=   288s  U/N -3.2325  Q 0.762  MSD 0.5822  mtm_p 0.0429
mtm    t=   301s  U/N -3.2360  Q 0.760  MSD 0.5929  mtm_p 0.0356
mtm    t=   318s  U/N -3.2361  Q 0.751  MSD 0.6244  mtm_p 0.0477
mtm    t=   331s  U/N -3.2331  Q 0.747  MSD 0.6374  mtm_p 0.0415
mtm    t=   349s  U/N -3.2344  Q 0.740  MSD 0.6588  mtm_p 0.0426
mtm    t=   362s  U/N -3.2325  Q 0.731  MSD 0.6850  mtm_p 0.0445
mtm    t=   375s  U/N -3.2358  Q 0.727  MSD 0.6937  mtm_p 0.0433
mtm    t=   392s  U/N -3.2371  Q 0.721  MSD 0.7128  mtm_p 0.0397
mtm    t=   406s  U/N -3.2340  Q 0.718  MSD 0.7262  mtm_p 0.0335
mtm    t=   423s  U/N -3.2358  Q 0.715  MSD 0.7369  mtm_p 0.0333
mtm    t=   436s  U/N -3.2357  Q 0.708  MSD 0.7611  mtm_p 0.0382
mtm    t=   454s  U/N -3.2349  Q 0.705  MSD 0.7820  mtm_p 0.0433
mtm    t=   467s  U/N -3.2357  Q 0.702  MSD 0.7924  mtm_p 0.0391
mtm    t=   484s  U/N -3.2355  Q 0.695  MSD 0.8108  mtm_p 0.0324
mtm    t=   497s  U/N -3.2358  Q 0.692  MSD 0.8203  mtm_p 0.0364
mtm    t=   510s  U/N -3.2359  Q 0.687  MSD 0.8353  mtm_p 0.0324
mtm    t=   528s  U/N -3.2368  Q 0.683  MSD 0.8588  mtm_p 0.0301
mtm    t=   541s  U/N -3.2334  Q 0.681  MSD 0.8694  mtm_p 0.0310
mtm    t=   558s  U/N -3.2309  Q 0.676  MSD 0.8837  mtm_p 0.0326
mtm    t=   572s  U/N -3.2311  Q 0.675  MSD 0.8932  mtm_p 0.0341
mtm    t=   589s  U/N -3.2323  Q 0.671  MSD 0.9103  mtm_p 0.0331
mtm    t=   602s  U/N -3.2291  Q 0.667  MSD 0.9248  mtm_p 0.0331
mtm    t=   615s  U/N -3.2306  Q 0.666  MSD 0.9317  mtm_p 0.0319
mtm    t=   633s  U/N -3.2318  Q 0.663  MSD 0.9389  mtm_p 0.0373
mtm    t=   646s  U/N -3.2308  Q 0.661  MSD 0.9488  mtm_p 0.0333
mtm    t=   663s  U/N -3.2332  Q 0.661  MSD 0.9582  mtm_p 0.0249
mtm    t=   677s  U/N -3.2331  Q 0.660  MSD 0.9632  mtm_p 0.0217
mtm    t=   695s  U/N -3.2323  Q 0.658  MSD 0.9743  mtm_p 0.0288
mtm    t=   708s  U/N -3.2348  Q 0.655  MSD 0.9814  mtm_p 0.0318
mtm    t=   724s  U/N -3.2373  Q 0.653  MSD 0.9909  mtm_p 0.0325
mtm    t=   740s  U/N -3.2368  Q 0.651  MSD 1.0019  mtm_p 0.0264
mtm    t=   751s  U/N -3.2362  Q 0.651  MSD 1.0116  mtm_p 0.0253
mtm    t=   767s  U/N -3.2366  Q 0.647  MSD 1.0223  mtm_p 0.0275
mtm    t=   783s  U/N -3.2383  Q 0.646  MSD 1.0321  mtm_p 0.0282
mtm    t=   799s  U/N -3.2404  Q 0.642  MSD 1.0490  mtm_p 0.0280
mtm    t=   810s  U/N -3.2440  Q 0.642  MSD 1.0520  mtm_p 0.0297
mtm    t=   827s  U/N -3.2429  Q 0.637  MSD 1.0804  mtm_p 0.0379
mtm    t=   843s  U/N -3.2439  Q 0.634  MSD 1.0849  mtm_p 0.0357
mtm    t=   859s  U/N -3.2438  Q 0.631  MSD 1.0959  mtm_p 0.0351
mtm    t=   875s  U/N -3.2444  Q 0.627  MSD 1.1168  mtm_p 0.0306
mtm    t=   886s  U/N -3.2442  Q 0.625  MSD 1.1241  mtm_p 0.0309
mtm    t=   902s  U/N -3.2452  Q 0.623  MSD 1.1347  mtm_p 0.0311
=== ARM hybrid (budget 900s) ===
hybrid t=    18s  U/N -3.2526  Q 0.967  MSD 0.0326  mtm_p 0.0566
hybrid t=    37s  U/N -3.2501  Q 0.927  MSD 0.0546  mtm_p 0.0656
hybrid t=    46s  U/N -3.2517  Q 0.910  MSD 0.0698  mtm_p 0.0650
hybrid t=    64s  U/N -3.2436  Q 0.880  MSD 0.0852  mtm_p 0.0646
hybrid t=    83s  U/N -3.2460  Q 0.856  MSD 0.0991  mtm_p 0.0638
hybrid t=    92s  U/N -3.2521  Q 0.837  MSD 0.1133  mtm_p 0.0639
hybrid t=   110s  U/N -3.2602  Q 0.808  MSD 0.1264  mtm_p 0.0626
hybrid t=   129s  U/N -3.2501  Q 0.784  MSD 0.1460  mtm_p 0.0609
hybrid t=   138s  U/N -3.2575  Q 0.766  MSD 0.1559  mtm_p 0.0598
hybrid t=   156s  U/N -3.2539  Q 0.737  MSD 0.1662  mtm_p 0.0562
hybrid t=   165s  U/N -3.2415  Q 0.727  MSD 0.1732  mtm_p 0.0578
hybrid t=   184s  U/N -3.2364  Q 0.706  MSD 0.1901  mtm_p 0.0517
hybrid t=   202s  U/N -3.2517  Q 0.689  MSD 0.2140  mtm_p 0.0520
hybrid t=   211s  U/N -3.2601  Q 0.682  MSD 0.2211  mtm_p 0.0501
hybrid t=   230s  U/N -3.2704  Q 0.666  MSD 0.2305  mtm_p 0.0525
hybrid t=   248s  U/N -3.2530  Q 0.635  MSD 0.2550  mtm_p 0.0547
hybrid t=   257s  U/N -3.2574  Q 0.613  MSD 0.2654  mtm_p 0.0571
hybrid t=   276s  U/N -3.2494  Q 0.596  MSD 0.2818  mtm_p 0.0595
hybrid t=   294s  U/N -3.2490  Q 0.580  MSD 0.2938  mtm_p 0.0642
hybrid t=   303s  U/N -3.2534  Q 0.576  MSD 0.3009  mtm_p 0.0633
hybrid t=   322s  U/N -3.2567  Q 0.547  MSD 0.3175  mtm_p 0.0671
hybrid t=   331s  U/N -3.2559  Q 0.543  MSD 0.3270  mtm_p 0.0687
hybrid t=   349s  U/N -3.2551  Q 0.547  MSD 0.3568  mtm_p 0.0678
hybrid t=   367s  U/N -3.2470  Q 0.532  MSD 0.3796  mtm_p 0.0774
hybrid t=   377s  U/N -3.2563  Q 0.516  MSD 0.3935  mtm_p 0.0749
hybrid t=   395s  U/N -3.2652  Q 0.504  MSD 0.4073  mtm_p 0.0761
hybrid t=   413s  U/N -3.2569  Q 0.485  MSD 0.4282  mtm_p 0.0734
hybrid t=   423s  U/N -3.2586  Q 0.487  MSD 0.4351  mtm_p 0.0721
hybrid t=   441s  U/N -3.2595  Q 0.486  MSD 0.4537  mtm_p 0.0751
hybrid t=   450s  U/N -3.2521  Q 0.484  MSD 0.4628  mtm_p 0.0726
hybrid t=   469s  U/N -3.2631  Q 0.462  MSD 0.4889  mtm_p 0.0698
hybrid t=   487s  U/N -3.2550  Q 0.455  MSD 0.5134  mtm_p 0.0722
hybrid t=   496s  U/N -3.2796  Q 0.457  MSD 0.5247  mtm_p 0.0742
hybrid t=   515s  U/N -3.2701  Q 0.442  MSD 0.5446  mtm_p 0.0743
hybrid t=   533s  U/N -3.2611  Q 0.427  MSD 0.5559  mtm_p 0.0689
hybrid t=   542s  U/N -3.2658  Q 0.422  MSD 0.5667  mtm_p 0.0679
hybrid t=   561s  U/N -3.2732  Q 0.410  MSD 0.5844  mtm_p 0.0708
hybrid t=   571s  U/N -3.2498  Q 0.412  MSD 0.6002  mtm_p 0.0737
hybrid t=   590s  U/N -3.2642  Q 0.393  MSD 0.6202  mtm_p 0.0701
hybrid t=   609s  U/N -3.2810  Q 0.381  MSD 0.6471  mtm_p 0.0726
hybrid t=   619s  U/N -3.2631  Q 0.369  MSD 0.6543  mtm_p 0.0719
hybrid t=   639s  U/N -3.2672  Q 0.373  MSD 0.6633  mtm_p 0.0729
hybrid t=   648s  U/N -3.2696  Q 0.371  MSD 0.6706  mtm_p 0.0735
hybrid t=   668s  U/N -3.2686  Q 0.359  MSD 0.6846  mtm_p 0.0719
hybrid t=   677s  U/N -3.2704  Q 0.353  MSD 0.6922  mtm_p 0.0744
hybrid t=   697s  U/N -3.2748  Q 0.351  MSD 0.7026  mtm_p 0.0709
hybrid t=   707s  U/N -3.2698  Q 0.345  MSD 0.7200  mtm_p 0.0723
hybrid t=   726s  U/N -3.2564  Q 0.327  MSD 0.7401  mtm_p 0.0729
hybrid t=   736s  U/N -3.2725  Q 0.319  MSD 0.7489  mtm_p 0.0711
hybrid t=   755s  U/N -3.2745  Q 0.310  MSD 0.7692  mtm_p 0.0717
hybrid t=   775s  U/N -3.2557  Q 0.304  MSD 0.7840  mtm_p 0.0689
hybrid t=   784s  U/N -3.2807  Q 0.307  MSD 0.8000  mtm_p 0.0703
hybrid t=   804s  U/N -3.2871  Q 0.292  MSD 0.8277  mtm_p 0.0753
hybrid t=   814s  U/N -3.2719  Q 0.289  MSD 0.8396  mtm_p 0.0751
hybrid t=   833s  U/N -3.2652  Q 0.278  MSD 0.8534  mtm_p 0.0794
hybrid t=   843s  U/N -3.2754  Q 0.275  MSD 0.8684  mtm_p 0.0756
hybrid t=   862s  U/N -3.2703  Q 0.272  MSD 0.8797  mtm_p 0.0831
hybrid t=   872s  U/N -3.2671  Q 0.264  MSD 0.8971  mtm_p 0.0847
hybrid t=   891s  U/N -3.2697  Q 0.265  MSD 0.9169  mtm_p 0.0835
hybrid t=   901s  U/N -3.2764  Q 0.262  MSD 0.9265  mtm_p 0.0798
BENCH COMPLETE
