/home/sherryli/xsli/softwares/anaconda3/envs/lightning/lib/python3.11/site-packages/torch/nn/modules/transformer.py:379: UserWarning: enable_nested_tensor is True, but self.use_nested_tensor is False because encoder_layer.norm_first was True
  warnings.warn(
START (shallow slice, original order): U/N -3.2194   equilibrium ~ -3.2600
mtm validity assertions PASS
=== ARM swap (budget 900s) ===
swap   t=    38s  U/N -3.2451  Q 0.977  MSD 0.0218
swap   t=    74s  U/N -3.2447  Q 0.942  MSD 0.0373
swap   t=   110s  U/N -3.2432  Q 0.903  MSD 0.0442
swap   t=   146s  U/N -3.2382  Q 0.879  MSD 0.0561
swap   t=   182s  U/N -3.2416  Q 0.848  MSD 0.0632
swap   t=   218s  U/N -3.2510  Q 0.827  MSD 0.0690
swap   t=   255s  U/N -3.2483  Q 0.805  MSD 0.0826
swap   t=   292s  U/N -3.2493  Q 0.773  MSD 0.0903
swap   t=   328s  U/N -3.2543  Q 0.750  MSD 0.0950
swap   t=   365s  U/N -3.2534  Q 0.725  MSD 0.1042
swap   t=   402s  U/N -3.2581  Q 0.732  MSD 0.1059
swap   t=   438s  U/N -3.2402  Q 0.708  MSD 0.1098
swap   t=   470s  U/N -3.2664  Q 0.680  MSD 0.1160
swap   t=   502s  U/N -3.2444  Q 0.680  MSD 0.1228
swap   t=   533s  U/N -3.2500  Q 0.653  MSD 0.1298
swap   t=   564s  U/N -3.2531  Q 0.647  MSD 0.1329
swap   t=   596s  U/N -3.2583  Q 0.626  MSD 0.1357
swap   t=   627s  U/N -3.2539  Q 0.611  MSD 0.1425
swap   t=   648s  U/N -3.2589  Q 0.597  MSD 0.1481
swap   t=   656s  U/N -3.2521  Q 0.596  MSD 0.1471
swap   t=   664s  U/N -3.2514  Q 0.580  MSD 0.1511
swap   t=   672s  U/N -3.2557  Q 0.579  MSD 0.1530
swap   t=   680s  U/N -3.2537  Q 0.570  MSD 0.1557
swap   t=   693s  U/N -3.2675  Q 0.565  MSD 0.1615
swap   t=   758s  U/N -3.2639  Q 0.540  MSD 0.1672
swap   t=   793s  U/N -3.2618  Q 0.533  MSD 0.1708
swap   t=   801s  U/N -3.2597  Q 0.512  MSD 0.1768
swap   t=   809s  U/N -3.2593  Q 0.511  MSD 0.1792
swap   t=   817s  U/N -3.2549  Q 0.496  MSD 0.1830
swap   t=   826s  U/N -3.2599  Q 0.492  MSD 0.1874
swap   t=   835s  U/N -3.2678  Q 0.472  MSD 0.1926
swap   t=   843s  U/N -3.2654  Q 0.466  MSD 0.2049
swap   t=   851s  U/N -3.2578  Q 0.454  MSD 0.2086
swap   t=   860s  U/N -3.2611  Q 0.458  MSD 0.2100
swap   t=   868s  U/N -3.2682  Q 0.454  MSD 0.2162
swap   t=   876s  U/N -3.2575  Q 0.451  MSD 0.2187
swap   t=   884s  U/N -3.2700  Q 0.446  MSD 0.2227
swap   t=   892s  U/N -3.2653  Q 0.432  MSD 0.2251
swap   t=   901s  U/N -3.2642  Q 0.431  MSD 0.2304
saved FULL trajectory /mnt/ssd/GridTransformer/liquid_coupling_flow/artifacts/mtm_traj_swap.pt  states=7801  ~399MB
=== ARM mtm (budget 900s) ===
mtm    t=    16s  U/N -3.2223  Q 0.982  MSD 0.0322  mtm_p 0.0638
mtm    t=    32s  U/N -3.2273  Q 0.962  MSD 0.0675  mtm_p 0.0658
mtm    t=    47s  U/N -3.2288  Q 0.949  MSD 0.0958  mtm_p 0.0678
mtm    t=    63s  U/N -3.2302  Q 0.943  MSD 0.1099  mtm_p 0.0637
mtm    t=    79s  U/N -3.2369  Q 0.930  MSD 0.1330  mtm_p 0.0607
mtm    t=    95s  U/N -3.2352  Q 0.919  MSD 0.1568  mtm_p 0.0599
mtm    t=   111s  U/N -3.2349  Q 0.909  MSD 0.1799  mtm_p 0.0571
mtm    t=   127s  U/N -3.2343  Q 0.900  MSD 0.2027  mtm_p 0.0580
mtm    t=   143s  U/N -3.2332  Q 0.895  MSD 0.2117  mtm_p 0.0572
mtm    t=   151s  U/N -3.2311  Q 0.891  MSD 0.2233  mtm_p 0.0530
mtm    t=   167s  U/N -3.2326  Q 0.886  MSD 0.2362  mtm_p 0.0473
mtm    t=   182s  U/N -3.2343  Q 0.882  MSD 0.2505  mtm_p 0.0457
mtm    t=   198s  U/N -3.2373  Q 0.874  MSD 0.2670  mtm_p 0.0476
mtm    t=   214s  U/N -3.2338  Q 0.866  MSD 0.2828  mtm_p 0.0517
mtm    t=   230s  U/N -3.2329  Q 0.861  MSD 0.2945  mtm_p 0.0511
mtm    t=   246s  U/N -3.2310  Q 0.852  MSD 0.3119  mtm_p 0.0525
mtm    t=   262s  U/N -3.2308  Q 0.847  MSD 0.3289  mtm_p 0.0544
mtm    t=   278s  U/N -3.2322  Q 0.842  MSD 0.3413  mtm_p 0.0506
mtm    t=   286s  U/N -3.2347  Q 0.837  MSD 0.3557  mtm_p 0.0528
mtm    t=   302s  U/N -3.2312  Q 0.831  MSD 0.3709  mtm_p 0.0501
mtm    t=   317s  U/N -3.2313  Q 0.825  MSD 0.3975  mtm_p 0.0605
mtm    t=   333s  U/N -3.2339  Q 0.819  MSD 0.4126  mtm_p 0.0568
mtm    t=   349s  U/N -3.2340  Q 0.810  MSD 0.4382  mtm_p 0.0515
mtm    t=   365s  U/N -3.2370  Q 0.807  MSD 0.4509  mtm_p 0.0486
mtm    t=   381s  U/N -3.2357  Q 0.801  MSD 0.4699  mtm_p 0.0434
mtm    t=   397s  U/N -3.2357  Q 0.795  MSD 0.4841  mtm_p 0.0451
mtm    t=   413s  U/N -3.2354  Q 0.791  MSD 0.4989  mtm_p 0.0480
mtm    t=   421s  U/N -3.2344  Q 0.787  MSD 0.5093  mtm_p 0.0447
mtm    t=   437s  U/N -3.2333  Q 0.784  MSD 0.5188  mtm_p 0.0441
mtm    t=   452s  U/N -3.2324  Q 0.779  MSD 0.5336  mtm_p 0.0440
mtm    t=   468s  U/N -3.2336  Q 0.775  MSD 0.5515  mtm_p 0.0467
mtm    t=   484s  U/N -3.2344  Q 0.770  MSD 0.5710  mtm_p 0.0468
mtm    t=   500s  U/N -3.2333  Q 0.767  MSD 0.5718  mtm_p 0.0451
mtm    t=   516s  U/N -3.2326  Q 0.763  MSD 0.5767  mtm_p 0.0428
mtm    t=   532s  U/N -3.2332  Q 0.761  MSD 0.5859  mtm_p 0.0398
mtm    t=   548s  U/N -3.2360  Q 0.760  MSD 0.5929  mtm_p 0.0356
mtm    t=   556s  U/N -3.2353  Q 0.758  MSD 0.6039  mtm_p 0.0395
mtm    t=   572s  U/N -3.2361  Q 0.753  MSD 0.6170  mtm_p 0.0461
mtm    t=   587s  U/N -3.2347  Q 0.749  MSD 0.6307  mtm_p 0.0454
mtm    t=   603s  U/N -3.2331  Q 0.747  MSD 0.6374  mtm_p 0.0415
mtm    t=   619s  U/N -3.2329  Q 0.742  MSD 0.6479  mtm_p 0.0396
mtm    t=   635s  U/N -3.2344  Q 0.740  MSD 0.6588  mtm_p 0.0426
mtm    t=   651s  U/N -3.2322  Q 0.735  MSD 0.6707  mtm_p 0.0458
mtm    t=   667s  U/N -3.2320  Q 0.730  MSD 0.6885  mtm_p 0.0426
mtm    t=   683s  U/N -3.2358  Q 0.727  MSD 0.6937  mtm_p 0.0433
mtm    t=   691s  U/N -3.2366  Q 0.727  MSD 0.6956  mtm_p 0.0451
mtm    t=   707s  U/N -3.2379  Q 0.723  MSD 0.7097  mtm_p 0.0426
mtm    t=   722s  U/N -3.2378  Q 0.721  MSD 0.7193  mtm_p 0.0375
mtm    t=   738s  U/N -3.2340  Q 0.718  MSD 0.7262  mtm_p 0.0335
mtm    t=   754s  U/N -3.2340  Q 0.718  MSD 0.7280  mtm_p 0.0316
mtm    t=   770s  U/N -3.2358  Q 0.715  MSD 0.7369  mtm_p 0.0333
mtm    t=   786s  U/N -3.2372  Q 0.711  MSD 0.7464  mtm_p 0.0344
mtm    t=   802s  U/N -3.2356  Q 0.708  MSD 0.7631  mtm_p 0.0360
mtm    t=   818s  U/N -3.2336  Q 0.705  MSD 0.7770  mtm_p 0.0397
mtm    t=   826s  U/N -3.2349  Q 0.705  MSD 0.7820  mtm_p 0.0433
mtm    t=   842s  U/N -3.2356  Q 0.703  MSD 0.7902  mtm_p 0.0431
mtm    t=   858s  U/N -3.2359  Q 0.700  MSD 0.7986  mtm_p 0.0380
mtm    t=   873s  U/N -3.2337  Q 0.696  MSD 0.8092  mtm_p 0.0329
mtm    t=   889s  U/N -3.2352  Q 0.694  MSD 0.8135  mtm_p 0.0329
mtm    t=   905s  U/N -3.2358  Q 0.692  MSD 0.8203  mtm_p 0.0364
saved FULL trajectory /mnt/ssd/GridTransformer/liquid_coupling_flow/artifacts/mtm_traj_mtm.pt  states=913  ~47MB
=== ARM hybrid (budget 900s) ===
hybrid t=    22s  U/N -3.2384  Q 0.987  MSD 0.0229  mtm_p 0.0631
hybrid t=    45s  U/N -3.2526  Q 0.967  MSD 0.0326  mtm_p 0.0566
hybrid t=    67s  U/N -3.2526  Q 0.951  MSD 0.0424  mtm_p 0.0660
hybrid t=    89s  U/N -3.2501  Q 0.927  MSD 0.0546  mtm_p 0.0656
hybrid t=   111s  U/N -3.2517  Q 0.910  MSD 0.0698  mtm_p 0.0650
hybrid t=   134s  U/N -3.2470  Q 0.892  MSD 0.0792  mtm_p 0.0659
hybrid t=   156s  U/N -3.2436  Q 0.880  MSD 0.0852  mtm_p 0.0646
hybrid t=   178s  U/N -3.2530  Q 0.875  MSD 0.0877  mtm_p 0.0627
hybrid t=   200s  U/N -3.2460  Q 0.856  MSD 0.0991  mtm_p 0.0638
hybrid t=   222s  U/N -3.2521  Q 0.837  MSD 0.1133  mtm_p 0.0639
hybrid t=   244s  U/N -3.2386  Q 0.821  MSD 0.1191  mtm_p 0.0609
hybrid t=   267s  U/N -3.2602  Q 0.808  MSD 0.1264  mtm_p 0.0626
hybrid t=   289s  U/N -3.2486  Q 0.797  MSD 0.1362  mtm_p 0.0617
hybrid t=   311s  U/N -3.2501  Q 0.784  MSD 0.1460  mtm_p 0.0609
hybrid t=   333s  U/N -3.2575  Q 0.766  MSD 0.1559  mtm_p 0.0598
hybrid t=   356s  U/N -3.2440  Q 0.755  MSD 0.1601  mtm_p 0.0551
hybrid t=   379s  U/N -3.2539  Q 0.737  MSD 0.1662  mtm_p 0.0562
hybrid t=   401s  U/N -3.2415  Q 0.727  MSD 0.1732  mtm_p 0.0578
hybrid t=   424s  U/N -3.2583  Q 0.714  MSD 0.1784  mtm_p 0.0541
hybrid t=   446s  U/N -3.2364  Q 0.706  MSD 0.1901  mtm_p 0.0517
hybrid t=   468s  U/N -3.2495  Q 0.700  MSD 0.2023  mtm_p 0.0531
hybrid t=   491s  U/N -3.2517  Q 0.689  MSD 0.2140  mtm_p 0.0520
hybrid t=   513s  U/N -3.2601  Q 0.682  MSD 0.2211  mtm_p 0.0501
hybrid t=   536s  U/N -3.2624  Q 0.679  MSD 0.2272  mtm_p 0.0524
hybrid t=   558s  U/N -3.2704  Q 0.666  MSD 0.2305  mtm_p 0.0525
hybrid t=   581s  U/N -3.2589  Q 0.650  MSD 0.2452  mtm_p 0.0560
hybrid t=   603s  U/N -3.2530  Q 0.635  MSD 0.2550  mtm_p 0.0547
hybrid t=   625s  U/N -3.2574  Q 0.613  MSD 0.2654  mtm_p 0.0571
hybrid t=   647s  U/N -3.2536  Q 0.606  MSD 0.2724  mtm_p 0.0594
hybrid t=   669s  U/N -3.2494  Q 0.596  MSD 0.2818  mtm_p 0.0595
hybrid t=   691s  U/N -3.2529  Q 0.581  MSD 0.2919  mtm_p 0.0648
hybrid t=   714s  U/N -3.2490  Q 0.580  MSD 0.2938  mtm_p 0.0642
hybrid t=   736s  U/N -3.2534  Q 0.576  MSD 0.3009  mtm_p 0.0633
hybrid t=   758s  U/N -3.2444  Q 0.558  MSD 0.3114  mtm_p 0.0645
hybrid t=   781s  U/N -3.2567  Q 0.547  MSD 0.3175  mtm_p 0.0671
hybrid t=   803s  U/N -3.2559  Q 0.543  MSD 0.3270  mtm_p 0.0687
hybrid t=   825s  U/N -3.2451  Q 0.544  MSD 0.3415  mtm_p 0.0668
hybrid t=   848s  U/N -3.2551  Q 0.547  MSD 0.3568  mtm_p 0.0678
hybrid t=   870s  U/N -3.2507  Q 0.541  MSD 0.3720  mtm_p 0.0732
hybrid t=   892s  U/N -3.2470  Q 0.532  MSD 0.3796  mtm_p 0.0774
hybrid t=   915s  U/N -3.2563  Q 0.516  MSD 0.3935  mtm_p 0.0749
saved FULL trajectory /mnt/ssd/GridTransformer/liquid_coupling_flow/artifacts/mtm_traj_hybrid.pt  states=4265  ~218MB
BENCH COMPLETE
