mosaic: 4 replicas of 2x2x2 x distinct configs; N=4096 L=15.0566 rho=1.2000
phase HEAL T=0.8 sw   100: U/N = -5.8964 -5.9081 -5.8807 -5.8959  disp-acc 0.12  (276s)
phase HEAL T=0.8 sw   200: U/N = -6.0505 -6.0748 -6.0158 -6.0483  disp-acc 0.12  (552s)
phase HEAL T=0.8 sw   300: U/N = -6.1075 -6.1453 -6.1158 -6.1219  disp-acc 0.12  (828s)
phase HEAL T=0.8 sw   400: U/N = -6.1653 -6.1568 -6.1561 -6.1665  disp-acc 0.13  (1105s)
phase HEAL T=0.8 sw   500: U/N = -6.1877 -6.1889 -6.1921 -6.1887  disp-acc 0.12  (1381s)
phase HEAL T=0.8 sw   600: U/N = -6.2115 -6.1969 -6.2036 -6.2379  disp-acc 0.12  (1657s)
phase HEAL T=0.8 sw   700: U/N = -6.2170 -6.2255 -6.2386 -6.2283  disp-acc 0.13  (1933s)
phase HEAL T=0.8 sw   800: U/N = -6.2266 -6.2601 -6.2296 -6.2365  disp-acc 0.12  (2209s)
phase HEAL T=0.8 sw   900: U/N = -6.2685 -6.2569 -6.2329 -6.2263  disp-acc 0.13  (2486s)
phase HEAL T=0.8 sw  1000: U/N = -6.2936 -6.2508 -6.2638 -6.2460  disp-acc 0.12  (2762s)
phase PROD T=0.55 sw   100: U/N = -6.5826 -6.5882 -6.5564 -6.5717  disp-acc 0.09  (3038s)
phase PROD T=0.55 sw   200: U/N = -6.6227 -6.5829 -6.5961 -6.5918  disp-acc 0.09  (3315s)
phase PROD T=0.55 sw   300: U/N = -6.6321 -6.5996 -6.6053 -6.6152  disp-acc 0.09  (3591s)
phase PROD T=0.55 sw   400: U/N = -6.6295 -6.6330 -6.6099 -6.6470  disp-acc 0.09  (3867s)
phase PROD T=0.55 sw   500: U/N = -6.6329 -6.6300 -6.6269 -6.6305  disp-acc 0.09  (4144s)
phase PROD T=0.55 sw   600: U/N = -6.6590 -6.6372 -6.6496 -6.6562  disp-acc 0.09  (4420s)
phase PROD T=0.55 sw   700: U/N = -6.6504 -6.6441 -6.6460 -6.6554  disp-acc 0.09  (4696s)
phase PROD T=0.55 sw   800: U/N = -6.6398 -6.6626 -6.6381 -6.6342  disp-acc 0.09  (4973s)
phase PROD T=0.55 sw   900: U/N = -6.6671 -6.6470 -6.6610 -6.6472  disp-acc 0.09  (5249s)
phase PROD T=0.55 sw  1000: U/N = -6.6817 -6.6543 -6.6665 -6.6441  disp-acc 0.09  (5525s)
phase PROD T=0.55 sw  1100: U/N = -6.6763 -6.6723 -6.6511 -6.6740  disp-acc 0.09  (5802s)
phase PROD T=0.55 sw  1200: U/N = -6.6741 -6.6761 -6.6636 -6.6660  disp-acc 0.09  (6078s)
phase PROD T=0.55 sw  1300: U/N = -6.6997 -6.6707 -6.6657 -6.6787  disp-acc 0.09  (6355s)
phase PROD T=0.55 sw  1400: U/N = -6.6845 -6.6784 -6.6806 -6.6832  disp-acc 0.09  (6631s)
phase PROD T=0.55 sw  1500: U/N = -6.6723 -6.6896 -6.6906 -6.6877  disp-acc 0.09  (6908s)
phase PROD T=0.55 sw  1600: U/N = -6.6864 -6.6947 -6.6917 -6.6770  disp-acc 0.09  (7184s)
