poly NCMC CHAIN: T=0.065 mixes=['swap', 'swap+ncmc', 'disp'] budget=600000 run=3 frame=0 ncmc_every=200 n_steps=800 r_loc=3.0 sweeps_per_step=1 N=300 L=6.6943 window=[0.1,0.9] -> reports/logs-2026-07-17/poly_ncmc_chain_T0.065.pt
--- MIX swap (seed=1000) ---
  [swap] start: use_swap=True use_ncmc=False budget=600000 n_records=21 ncmc_every=200 n_steps=800 r_loc=3.0 sweeps_per_step=1 window=[0.1,0.9]
  [swap] t=       1 wall=    0.0s Q_self=1.0000 C_sig=+0.9975 U/N=+0.2525 disp_acc=0.043 swap_acc=0.113 ncmc(window)=0/0 ncmc(cum)=0/0 rate=nan transport_cum=0.000
  [swap] t=       2 wall=    0.0s Q_self=1.0000 C_sig=+0.9946 U/N=+0.2510 disp_acc=0.053 swap_acc=0.133 ncmc(window)=0/0 ncmc(cum)=0/0 rate=nan transport_cum=0.000
  [swap] t=       4 wall=    0.0s Q_self=1.0000 C_sig=+0.9901 U/N=+0.2523 disp_acc=0.058 swap_acc=0.157 ncmc(window)=0/0 ncmc(cum)=0/0 rate=nan transport_cum=0.000
  [swap] t=       8 wall=    0.0s Q_self=1.0000 C_sig=+0.9819 U/N=+0.2565 disp_acc=0.050 swap_acc=0.124 ncmc(window)=0/0 ncmc(cum)=0/0 rate=nan transport_cum=0.000
  [swap] t=      16 wall=    0.1s Q_self=1.0000 C_sig=+0.9773 U/N=+0.2538 disp_acc=0.059 swap_acc=0.120 ncmc(window)=0/0 ncmc(cum)=0/0 rate=nan transport_cum=0.000
  [swap] t=      32 wall=    0.1s Q_self=1.0000 C_sig=+0.9695 U/N=+0.2579 disp_acc=0.052 swap_acc=0.122 ncmc(window)=0/0 ncmc(cum)=0/0 rate=nan transport_cum=0.000
  [swap] t=      64 wall=    0.3s Q_self=0.9967 C_sig=+0.9659 U/N=+0.2655 disp_acc=0.057 swap_acc=0.116 ncmc(window)=0/0 ncmc(cum)=0/0 rate=nan transport_cum=0.000
  [swap] t=     128 wall=    0.6s Q_self=0.9900 C_sig=+0.9600 U/N=+0.2567 disp_acc=0.056 swap_acc=0.112 ncmc(window)=0/0 ncmc(cum)=0/0 rate=nan transport_cum=0.000
  [swap] t=     256 wall=    1.1s Q_self=0.9900 C_sig=+0.9460 U/N=+0.2500 disp_acc=0.055 swap_acc=0.111 ncmc(window)=0/0 ncmc(cum)=0/0 rate=nan transport_cum=0.000
  [swap] t=     512 wall=    2.3s Q_self=0.9667 C_sig=+0.9412 U/N=+0.2537 disp_acc=0.054 swap_acc=0.115 ncmc(window)=0/0 ncmc(cum)=0/0 rate=nan transport_cum=0.000
  [swap] t=    1024 wall=    4.5s Q_self=0.9500 C_sig=+0.9417 U/N=+0.2518 disp_acc=0.052 swap_acc=0.115 ncmc(window)=0/0 ncmc(cum)=0/0 rate=nan transport_cum=0.000
  [swap] t=    2048 wall=    8.8s Q_self=0.9200 C_sig=+0.9278 U/N=+0.2581 disp_acc=0.053 swap_acc=0.114 ncmc(window)=0/0 ncmc(cum)=0/0 rate=nan transport_cum=0.000
  [swap] t=    4096 wall=   17.1s Q_self=0.8133 C_sig=+0.9015 U/N=+0.2560 disp_acc=0.054 swap_acc=0.114 ncmc(window)=0/0 ncmc(cum)=0/0 rate=nan transport_cum=0.000
  [swap] t=    8192 wall=   33.8s Q_self=0.7100 C_sig=+0.8905 U/N=+0.2601 disp_acc=0.053 swap_acc=0.113 ncmc(window)=0/0 ncmc(cum)=0/0 rate=nan transport_cum=0.000
  [swap] t=   16384 wall=   65.2s Q_self=0.5367 C_sig=+0.8292 U/N=+0.2562 disp_acc=0.054 swap_acc=0.114 ncmc(window)=0/0 ncmc(cum)=0/0 rate=nan transport_cum=0.000
  [swap] t=   32768 wall=  119.4s Q_self=0.1800 C_sig=+0.7826 U/N=+0.2479 disp_acc=0.054 swap_acc=0.115 ncmc(window)=0/0 ncmc(cum)=0/0 rate=nan transport_cum=0.000
  [swap] t=   65536 wall=  223.6s Q_self=0.2333 C_sig=+0.6042 U/N=+0.2638 disp_acc=0.054 swap_acc=0.114 ncmc(window)=0/0 ncmc(cum)=0/0 rate=nan transport_cum=0.000
  [swap] t=  131072 wall=  435.6s Q_self=0.0967 C_sig=+0.4977 U/N=+0.2587 disp_acc=0.054 swap_acc=0.114 ncmc(window)=0/0 ncmc(cum)=0/0 rate=nan transport_cum=0.000
  [swap] t=  262144 wall=  884.8s Q_self=0.0367 C_sig=+0.2579 U/N=+0.2486 disp_acc=0.054 swap_acc=0.114 ncmc(window)=0/0 ncmc(cum)=0/0 rate=nan transport_cum=0.000
  [swap] t=  524288 wall= 1694.0s Q_self=0.0133 C_sig=+0.2254 U/N=+0.2649 disp_acc=0.054 swap_acc=0.114 ncmc(window)=0/0 ncmc(cum)=0/0 rate=nan transport_cum=0.000
  [swap] t=  600000 wall= 1926.1s Q_self=0.0133 C_sig=+0.1788 U/N=+0.2541 disp_acc=0.054 swap_acc=0.114 ncmc(window)=0/0 ncmc(cum)=0/0 rate=nan transport_cum=0.000
[SUMMARY swap] tau_alpha=32768 sw (119.4s) tau_sig=262144 sw (884.8s) ncmc: 0/0 accepted (rate=0.000) transport_cum=0.000 wall_total=1926.1s
--- MIX swap+ncmc (seed=2000) ---
  [swap+ncmc] start: use_swap=True use_ncmc=True budget=600000 n_records=21 ncmc_every=200 n_steps=800 r_loc=3.0 sweeps_per_step=1 window=[0.1,0.9]
  [swap+ncmc] t=       1 wall=    0.0s Q_self=1.0000 C_sig=+0.9968 U/N=+0.2567 disp_acc=0.063 swap_acc=0.127 ncmc(window)=0/0 ncmc(cum)=0/0 rate=0.000 transport_cum=0.000
  [swap+ncmc] t=       2 wall=    0.0s Q_self=1.0000 C_sig=+0.9936 U/N=+0.2583 disp_acc=0.027 swap_acc=0.097 ncmc(window)=0/0 ncmc(cum)=0/0 rate=0.000 transport_cum=0.000
  [swap+ncmc] t=       4 wall=    0.0s Q_self=1.0000 C_sig=+0.9893 U/N=+0.2581 disp_acc=0.072 swap_acc=0.118 ncmc(window)=0/0 ncmc(cum)=0/0 rate=0.000 transport_cum=0.000
  [swap+ncmc] t=       8 wall=    0.0s Q_self=1.0000 C_sig=+0.9851 U/N=+0.2575 disp_acc=0.047 swap_acc=0.110 ncmc(window)=0/0 ncmc(cum)=0/0 rate=0.000 transport_cum=0.000
  [swap+ncmc] t=      16 wall=    0.1s Q_self=1.0000 C_sig=+0.9805 U/N=+0.2573 disp_acc=0.052 swap_acc=0.116 ncmc(window)=0/0 ncmc(cum)=0/0 rate=0.000 transport_cum=0.000
  [swap+ncmc] t=      32 wall=    0.1s Q_self=1.0000 C_sig=+0.9715 U/N=+0.2603 disp_acc=0.052 swap_acc=0.120 ncmc(window)=0/0 ncmc(cum)=0/0 rate=0.000 transport_cum=0.000
  [swap+ncmc] t=      64 wall=    0.2s Q_self=0.9967 C_sig=+0.9636 U/N=+0.2533 disp_acc=0.052 swap_acc=0.111 ncmc(window)=0/0 ncmc(cum)=0/0 rate=0.000 transport_cum=0.000
  [swap+ncmc] t=     128 wall=    0.4s Q_self=0.9900 C_sig=+0.9517 U/N=+0.2531 disp_acc=0.055 swap_acc=0.113 ncmc(window)=0/0 ncmc(cum)=0/0 rate=0.000 transport_cum=0.000
  [swap+ncmc] t=     256 wall=    1.4s Q_self=0.9667 C_sig=+0.9424 U/N=+0.2493 disp_acc=0.053 swap_acc=0.114 ncmc(window)=0/1 ncmc(cum)=0/1 rate=0.000 transport_cum=0.000
  [swap+ncmc] t=     512 wall=    2.8s Q_self=0.9467 C_sig=+0.9310 U/N=+0.2467 disp_acc=0.054 swap_acc=0.114 ncmc(window)=0/1 ncmc(cum)=0/2 rate=0.000 transport_cum=0.000
  [swap+ncmc] t=    1024 wall=    6.1s Q_self=0.9267 C_sig=+0.9329 U/N=+0.2553 disp_acc=0.054 swap_acc=0.118 ncmc(window)=0/3 ncmc(cum)=0/5 rate=0.000 transport_cum=0.000
  [swap+ncmc] t=    2048 wall=   11.7s Q_self=0.8933 C_sig=+0.9036 U/N=+0.2571 disp_acc=0.054 swap_acc=0.115 ncmc(window)=0/5 ncmc(cum)=0/10 rate=0.000 transport_cum=0.000
  [swap+ncmc] t=    4096 wall=   23.1s Q_self=0.8433 C_sig=+0.8700 U/N=+0.2573 disp_acc=0.053 swap_acc=0.114 ncmc(window)=1/10 ncmc(cum)=1/20 rate=0.100 transport_cum=0.202
  [swap+ncmc] t=    8192 wall=   46.4s Q_self=0.7467 C_sig=+0.8031 U/N=+0.2562 disp_acc=0.054 swap_acc=0.114 ncmc(window)=0/20 ncmc(cum)=1/40 rate=0.000 transport_cum=0.202
  [swap+ncmc] t=   16384 wall=   93.4s Q_self=0.5500 C_sig=+0.7224 U/N=+0.2563 disp_acc=0.053 swap_acc=0.113 ncmc(window)=0/41 ncmc(cum)=1/81 rate=0.000 transport_cum=0.202
  [swap+ncmc] t=   32768 wall=  186.2s Q_self=0.3500 C_sig=+0.6052 U/N=+0.2539 disp_acc=0.053 swap_acc=0.113 ncmc(window)=0/82 ncmc(cum)=1/163 rate=0.000 transport_cum=0.202
  [swap+ncmc] t=   65536 wall=  372.5s Q_self=0.1700 C_sig=+0.5312 U/N=+0.2550 disp_acc=0.054 swap_acc=0.114 ncmc(window)=5/164 ncmc(cum)=6/327 rate=0.030 transport_cum=0.796
  [swap+ncmc] t=  131072 wall=  745.1s Q_self=0.0467 C_sig=+0.4960 U/N=+0.2619 disp_acc=0.053 swap_acc=0.113 ncmc(window)=5/328 ncmc(cum)=11/655 rate=0.015 transport_cum=1.410
  [swap+ncmc] t=  262144 wall= 1490.7s Q_self=0.0333 C_sig=+0.1611 U/N=+0.2522 disp_acc=0.053 swap_acc=0.113 ncmc(window)=9/655 ncmc(cum)=20/1310 rate=0.014 transport_cum=2.613
  [swap+ncmc] t=  524288 wall= 2977.6s Q_self=0.0100 C_sig=+0.0306 U/N=+0.2530 disp_acc=0.053 swap_acc=0.114 ncmc(window)=14/1311 ncmc(cum)=34/2621 rate=0.011 transport_cum=4.474
  [swap+ncmc] t=  600000 wall= 3406.9s Q_self=0.0067 C_sig=+0.0310 U/N=+0.2476 disp_acc=0.053 swap_acc=0.114 ncmc(window)=4/379 ncmc(cum)=38/3000 rate=0.011 transport_cum=5.015
[SUMMARY swap+ncmc] tau_alpha=32768 sw (186.2s) tau_sig=262144 sw (1490.7s) ncmc: 38/3000 accepted (rate=0.013) transport_cum=5.015 wall_total=3406.9s
--- MIX disp (seed=3000) ---
  [disp] start: use_swap=False use_ncmc=False budget=600000 n_records=21 ncmc_every=200 n_steps=800 r_loc=3.0 sweeps_per_step=1 window=[0.1,0.9]
  [disp] t=       1 wall=    0.0s Q_self=1.0000 C_sig=+1.0000 U/N=+0.2558 disp_acc=0.037 swap_acc=nan ncmc(window)=0/0 ncmc(cum)=0/0 rate=nan transport_cum=0.000
  [disp] t=       2 wall=    0.0s Q_self=1.0000 C_sig=+1.0000 U/N=+0.2551 disp_acc=0.063 swap_acc=nan ncmc(window)=0/0 ncmc(cum)=0/0 rate=nan transport_cum=0.000
  [disp] t=       4 wall=    0.0s Q_self=1.0000 C_sig=+1.0000 U/N=+0.2559 disp_acc=0.055 swap_acc=nan ncmc(window)=0/0 ncmc(cum)=0/0 rate=nan transport_cum=0.000
  [disp] t=       8 wall=    0.0s Q_self=1.0000 C_sig=+1.0000 U/N=+0.2568 disp_acc=0.060 swap_acc=nan ncmc(window)=0/0 ncmc(cum)=0/0 rate=nan transport_cum=0.000
  [disp] t=      16 wall=    0.0s Q_self=1.0000 C_sig=+1.0000 U/N=+0.2519 disp_acc=0.055 swap_acc=nan ncmc(window)=0/0 ncmc(cum)=0/0 rate=nan transport_cum=0.000
  [disp] t=      32 wall=    0.0s Q_self=1.0000 C_sig=+1.0000 U/N=+0.2541 disp_acc=0.048 swap_acc=nan ncmc(window)=0/0 ncmc(cum)=0/0 rate=nan transport_cum=0.000
  [disp] t=      64 wall=    0.1s Q_self=0.9933 C_sig=+1.0000 U/N=+0.2507 disp_acc=0.052 swap_acc=nan ncmc(window)=0/0 ncmc(cum)=0/0 rate=nan transport_cum=0.000
  [disp] t=     128 wall=    0.1s Q_self=0.9967 C_sig=+1.0000 U/N=+0.2445 disp_acc=0.055 swap_acc=nan ncmc(window)=0/0 ncmc(cum)=0/0 rate=nan transport_cum=0.000
  [disp] t=     256 wall=    0.3s Q_self=0.9800 C_sig=+1.0000 U/N=+0.2582 disp_acc=0.054 swap_acc=nan ncmc(window)=0/0 ncmc(cum)=0/0 rate=nan transport_cum=0.000
  [disp] t=     512 wall=    0.6s Q_self=0.9933 C_sig=+1.0000 U/N=+0.2621 disp_acc=0.053 swap_acc=nan ncmc(window)=0/0 ncmc(cum)=0/0 rate=nan transport_cum=0.000
  [disp] t=    1024 wall=    1.1s Q_self=0.9767 C_sig=+1.0000 U/N=+0.2606 disp_acc=0.055 swap_acc=nan ncmc(window)=0/0 ncmc(cum)=0/0 rate=nan transport_cum=0.000
  [disp] t=    2048 wall=    2.2s Q_self=0.9733 C_sig=+1.0000 U/N=+0.2551 disp_acc=0.054 swap_acc=nan ncmc(window)=0/0 ncmc(cum)=0/0 rate=nan transport_cum=0.000
  [disp] t=    4096 wall=    4.4s Q_self=0.9800 C_sig=+1.0000 U/N=+0.2517 disp_acc=0.053 swap_acc=nan ncmc(window)=0/0 ncmc(cum)=0/0 rate=nan transport_cum=0.000
  [disp] t=    8192 wall=    8.7s Q_self=0.9800 C_sig=+1.0000 U/N=+0.2590 disp_acc=0.054 swap_acc=nan ncmc(window)=0/0 ncmc(cum)=0/0 rate=nan transport_cum=0.000
  [disp] t=   16384 wall=   17.5s Q_self=0.9767 C_sig=+1.0000 U/N=+0.2516 disp_acc=0.054 swap_acc=nan ncmc(window)=0/0 ncmc(cum)=0/0 rate=nan transport_cum=0.000
  [disp] t=   32768 wall=   35.0s Q_self=0.9367 C_sig=+1.0000 U/N=+0.2593 disp_acc=0.054 swap_acc=nan ncmc(window)=0/0 ncmc(cum)=0/0 rate=nan transport_cum=0.000
  [disp] t=   65536 wall=   70.0s Q_self=0.5900 C_sig=+1.0000 U/N=+0.2544 disp_acc=0.054 swap_acc=nan ncmc(window)=0/0 ncmc(cum)=0/0 rate=nan transport_cum=0.000
  [disp] t=  131072 wall=  140.0s Q_self=0.1867 C_sig=+1.0000 U/N=+0.2508 disp_acc=0.054 swap_acc=nan ncmc(window)=0/0 ncmc(cum)=0/0 rate=nan transport_cum=0.000
  [disp] t=  262144 wall=  280.1s Q_self=0.0000 C_sig=+1.0000 U/N=+0.2611 disp_acc=0.054 swap_acc=nan ncmc(window)=0/0 ncmc(cum)=0/0 rate=nan transport_cum=0.000
  [disp] t=  524288 wall=  560.7s Q_self=0.0000 C_sig=+1.0000 U/N=+0.2606 disp_acc=0.054 swap_acc=nan ncmc(window)=0/0 ncmc(cum)=0/0 rate=nan transport_cum=0.000
  [disp] t=  600000 wall=  641.7s Q_self=0.0000 C_sig=+1.0000 U/N=+0.2575 disp_acc=0.054 swap_acc=nan ncmc(window)=0/0 ncmc(cum)=0/0 rate=nan transport_cum=0.000
[SUMMARY disp] tau_alpha=131072 sw (140.0s) tau_sig=-1 (not reached) ncmc: 0/0 accepted (rate=0.000) transport_cum=0.000 wall_total=641.7s
NCMC CHAIN DONE (5975s) -> reports/logs-2026-07-17/poly_ncmc_chain_T0.065.pt
