poly swap-flow FM training: T=0.085 k=8 m_env=64 hidden=128 layers=4 n_sig_bins=8 | 3000 pairs | steps=20000 batch=32 | device=cuda
  step    100: FM loss 0.4905 (best 0.4905) | v=0 floor 0.4931 (13s)
  step    200: FM loss 0.4603 (best 0.4603) | v=0 floor 0.4638 (26s)
  step    300: FM loss 0.4998 (best 0.4603) | v=0 floor 0.5045 (39s)
  step    400: FM loss 0.4773 (best 0.4603) | v=0 floor 0.4815 (52s)
  step    500: FM loss 0.4882 (best 0.4603) | v=0 floor 0.4933 (64s)
  step    600: FM loss 0.4765 (best 0.4603) | v=0 floor 0.4805 (77s)
  step    700: FM loss 0.4567 (best 0.4567) | v=0 floor 0.4600 (90s)
  step    800: FM loss 0.4563 (best 0.4563) | v=0 floor 0.4615 (103s)
  step    900: FM loss 0.4929 (best 0.4563) | v=0 floor 0.4981 (115s)
  step   1000: FM loss 0.5187 (best 0.4563) | v=0 floor 0.5249 (128s)
  step   1100: FM loss 0.4938 (best 0.4563) | v=0 floor 0.4987 (141s)
  step   1200: FM loss 0.4404 (best 0.4404) | v=0 floor 0.4435 (154s)
  step   1300: FM loss 0.5271 (best 0.4404) | v=0 floor 0.5333 (167s)
  step   1400: FM loss 0.4261 (best 0.4261) | v=0 floor 0.4303 (179s)
  step   1500: FM loss 0.5248 (best 0.4261) | v=0 floor 0.5304 (192s)
  step   1600: FM loss 0.4317 (best 0.4261) | v=0 floor 0.4361 (205s)
  step   1700: FM loss 0.4854 (best 0.4261) | v=0 floor 0.4915 (218s)
  step   1800: FM loss 0.4714 (best 0.4261) | v=0 floor 0.4772 (231s)
  step   1900: FM loss 0.4054 (best 0.4054) | v=0 floor 0.4100 (243s)
  step   2000: FM loss 0.4598 (best 0.4054) | v=0 floor 0.4654 (256s)
  step   2100: FM loss 0.4928 (best 0.4054) | v=0 floor 0.4989 (269s)
  step   2200: FM loss 0.4886 (best 0.4054) | v=0 floor 0.4938 (282s)
  step   2300: FM loss 0.4735 (best 0.4054) | v=0 floor 0.4794 (295s)
  step   2400: FM loss 0.5155 (best 0.4054) | v=0 floor 0.5215 (308s)
  step   2500: FM loss 0.4695 (best 0.4054) | v=0 floor 0.4760 (320s)
  step   2600: FM loss 0.5073 (best 0.4054) | v=0 floor 0.5139 (333s)
  step   2700: FM loss 0.5040 (best 0.4054) | v=0 floor 0.5098 (346s)
  step   2800: FM loss 0.4777 (best 0.4054) | v=0 floor 0.4833 (359s)
  step   2900: FM loss 0.4553 (best 0.4054) | v=0 floor 0.4613 (371s)
  step   3000: FM loss 0.4519 (best 0.4054) | v=0 floor 0.4583 (384s)
  step   3100: FM loss 0.4583 (best 0.4054) | v=0 floor 0.4647 (397s)
  step   3200: FM loss 0.4814 (best 0.4054) | v=0 floor 0.4894 (410s)
  step   3300: FM loss 0.4713 (best 0.4054) | v=0 floor 0.4769 (422s)
  step   3400: FM loss 0.4593 (best 0.4054) | v=0 floor 0.4664 (435s)
  step   3500: FM loss 0.4247 (best 0.4054) | v=0 floor 0.4305 (448s)
  step   3600: FM loss 0.4542 (best 0.4054) | v=0 floor 0.4598 (461s)
  step   3700: FM loss 0.4777 (best 0.4054) | v=0 floor 0.4844 (473s)
  step   3800: FM loss 0.4353 (best 0.4054) | v=0 floor 0.4411 (486s)
  step   3900: FM loss 0.5250 (best 0.4054) | v=0 floor 0.5335 (499s)
  step   4000: FM loss 0.4444 (best 0.4054) | v=0 floor 0.4515 (512s)
  step   4100: FM loss 0.4731 (best 0.4054) | v=0 floor 0.4795 (524s)
  step   4200: FM loss 0.4698 (best 0.4054) | v=0 floor 0.4764 (537s)
  step   4300: FM loss 0.4336 (best 0.4054) | v=0 floor 0.4396 (550s)
  step   4400: FM loss 0.4682 (best 0.4054) | v=0 floor 0.4755 (563s)
  step   4500: FM loss 0.5259 (best 0.4054) | v=0 floor 0.5336 (576s)
  step   4600: FM loss 0.4972 (best 0.4054) | v=0 floor 0.5053 (589s)
  step   4700: FM loss 0.4994 (best 0.4054) | v=0 floor 0.5073 (602s)
  step   4800: FM loss 0.4475 (best 0.4054) | v=0 floor 0.4544 (614s)
  step   4900: FM loss 0.4499 (best 0.4054) | v=0 floor 0.4559 (627s)
  step   5000: FM loss 0.4650 (best 0.4054) | v=0 floor 0.4718 (640s)
  step   5100: FM loss 0.4368 (best 0.4054) | v=0 floor 0.4431 (653s)
  step   5200: FM loss 0.4330 (best 0.4054) | v=0 floor 0.4395 (665s)
  step   5300: FM loss 0.4778 (best 0.4054) | v=0 floor 0.4851 (678s)
  step   5400: FM loss 0.5058 (best 0.4054) | v=0 floor 0.5144 (691s)
  step   5500: FM loss 0.5068 (best 0.4054) | v=0 floor 0.5145 (704s)
  step   5600: FM loss 0.4772 (best 0.4054) | v=0 floor 0.4845 (717s)
  step   5700: FM loss 0.4664 (best 0.4054) | v=0 floor 0.4744 (730s)
  step   5800: FM loss 0.4961 (best 0.4054) | v=0 floor 0.5055 (742s)
  step   5900: FM loss 0.5225 (best 0.4054) | v=0 floor 0.5304 (755s)
  step   6000: FM loss 0.4515 (best 0.4054) | v=0 floor 0.4575 (768s)
  step   6100: FM loss 0.4832 (best 0.4054) | v=0 floor 0.4902 (780s)
  step   6200: FM loss 0.4789 (best 0.4054) | v=0 floor 0.4874 (793s)
  step   6300: FM loss 0.5148 (best 0.4054) | v=0 floor 0.5234 (806s)
  step   6400: FM loss 0.4987 (best 0.4054) | v=0 floor 0.5061 (819s)
  step   6500: FM loss 0.4397 (best 0.4054) | v=0 floor 0.4474 (831s)
  step   6600: FM loss 0.4526 (best 0.4054) | v=0 floor 0.4616 (844s)
  step   6700: FM loss 0.5264 (best 0.4054) | v=0 floor 0.5359 (857s)
  step   6800: FM loss 0.4861 (best 0.4054) | v=0 floor 0.4962 (870s)
  step   6900: FM loss 0.4219 (best 0.4054) | v=0 floor 0.4286 (883s)
  step   7000: FM loss 0.5211 (best 0.4054) | v=0 floor 0.5308 (895s)
  step   7100: FM loss 0.4918 (best 0.4054) | v=0 floor 0.5025 (908s)
  step   7200: FM loss 0.4772 (best 0.4054) | v=0 floor 0.4867 (921s)
  step   7300: FM loss 0.4376 (best 0.4054) | v=0 floor 0.4463 (934s)
  step   7400: FM loss 0.4615 (best 0.4054) | v=0 floor 0.4699 (946s)
  step   7500: FM loss 0.5006 (best 0.4054) | v=0 floor 0.5094 (959s)
  step   7600: FM loss 0.4351 (best 0.4054) | v=0 floor 0.4434 (972s)
  step   7700: FM loss 0.5004 (best 0.4054) | v=0 floor 0.5097 (985s)
  step   7800: FM loss 0.4603 (best 0.4054) | v=0 floor 0.4692 (998s)
  step   7900: FM loss 0.4783 (best 0.4054) | v=0 floor 0.4866 (1010s)
  step   8000: FM loss 0.4733 (best 0.4054) | v=0 floor 0.4830 (1023s)
  step   8100: FM loss 0.4566 (best 0.4054) | v=0 floor 0.4665 (1036s)
  step   8200: FM loss 0.4860 (best 0.4054) | v=0 floor 0.4951 (1049s)
  step   8300: FM loss 0.5137 (best 0.4054) | v=0 floor 0.5246 (1061s)
  step   8400: FM loss 0.4777 (best 0.4054) | v=0 floor 0.4862 (1074s)
  step   8500: FM loss 0.4422 (best 0.4054) | v=0 floor 0.4519 (1087s)
  step   8600: FM loss 0.4653 (best 0.4054) | v=0 floor 0.4759 (1100s)
  step   8700: FM loss 0.4390 (best 0.4054) | v=0 floor 0.4484 (1112s)
  step   8800: FM loss 0.4626 (best 0.4054) | v=0 floor 0.4738 (1125s)
  step   8900: FM loss 0.4942 (best 0.4054) | v=0 floor 0.5046 (1138s)
  step   9000: FM loss 0.4324 (best 0.4054) | v=0 floor 0.4409 (1151s)
  step   9100: FM loss 0.4651 (best 0.4054) | v=0 floor 0.4740 (1163s)
  step   9200: FM loss 0.5011 (best 0.4054) | v=0 floor 0.5118 (1176s)
  step   9300: FM loss 0.4491 (best 0.4054) | v=0 floor 0.4580 (1189s)
  step   9400: FM loss 0.4171 (best 0.4054) | v=0 floor 0.4265 (1202s)
  step   9500: FM loss 0.5087 (best 0.4054) | v=0 floor 0.5204 (1215s)
  step   9600: FM loss 0.4901 (best 0.4054) | v=0 floor 0.5042 (1227s)
  step   9700: FM loss 0.3909 (best 0.3909) | v=0 floor 0.3992 (1240s)
  step   9800: FM loss 0.5074 (best 0.3909) | v=0 floor 0.5214 (1253s)
  step   9900: FM loss 0.5075 (best 0.3909) | v=0 floor 0.5215 (1266s)
  step  10000: FM loss 0.4706 (best 0.3909) | v=0 floor 0.4814 (1279s)
  step  10100: FM loss 0.4716 (best 0.3909) | v=0 floor 0.4833 (1292s)
  step  10200: FM loss 0.4611 (best 0.3909) | v=0 floor 0.4748 (1304s)
  step  10300: FM loss 0.5247 (best 0.3909) | v=0 floor 0.5399 (1317s)
  step  10400: FM loss 0.4197 (best 0.3909) | v=0 floor 0.4316 (1330s)
  step  10500: FM loss 0.4722 (best 0.3909) | v=0 floor 0.4820 (1343s)
  step  10600: FM loss 0.4643 (best 0.3909) | v=0 floor 0.4768 (1355s)
  step  10700: FM loss 0.5165 (best 0.3909) | v=0 floor 0.5309 (1368s)
  step  10800: FM loss 0.4660 (best 0.3909) | v=0 floor 0.4816 (1381s)
  step  10900: FM loss 0.4291 (best 0.3909) | v=0 floor 0.4405 (1394s)
  step  11000: FM loss 0.4568 (best 0.3909) | v=0 floor 0.4696 (1406s)
  step  11100: FM loss 0.4477 (best 0.3909) | v=0 floor 0.4605 (1419s)
  step  11200: FM loss 0.4724 (best 0.3909) | v=0 floor 0.4852 (1432s)
  step  11300: FM loss 0.4460 (best 0.3909) | v=0 floor 0.4606 (1445s)
  step  11400: FM loss 0.4523 (best 0.3909) | v=0 floor 0.4644 (1458s)
  step  11500: FM loss 0.4869 (best 0.3909) | v=0 floor 0.5017 (1470s)
  step  11600: FM loss 0.4618 (best 0.3909) | v=0 floor 0.4770 (1483s)
  step  11700: FM loss 0.4550 (best 0.3909) | v=0 floor 0.4715 (1496s)
  step  11800: FM loss 0.5168 (best 0.3909) | v=0 floor 0.5308 (1509s)
  step  11900: FM loss 0.4745 (best 0.3909) | v=0 floor 0.4892 (1522s)
  step  12000: FM loss 0.5289 (best 0.3909) | v=0 floor 0.5437 (1535s)
  step  12100: FM loss 0.4884 (best 0.3909) | v=0 floor 0.5025 (1547s)
  step  12200: FM loss 0.4705 (best 0.3909) | v=0 floor 0.4834 (1560s)
  step  12300: FM loss 0.4855 (best 0.3909) | v=0 floor 0.5016 (1573s)
  step  12400: FM loss 0.4575 (best 0.3909) | v=0 floor 0.4728 (1586s)
  step  12500: FM loss 0.4370 (best 0.3909) | v=0 floor 0.4481 (1599s)
  step  12600: FM loss 0.4422 (best 0.3909) | v=0 floor 0.4552 (1611s)
  step  12700: FM loss 0.4950 (best 0.3909) | v=0 floor 0.5122 (1624s)
  step  12800: FM loss 0.4782 (best 0.3909) | v=0 floor 0.4904 (1637s)
  step  12900: FM loss 0.4921 (best 0.3909) | v=0 floor 0.5047 (1650s)
  step  13000: FM loss 0.4718 (best 0.3909) | v=0 floor 0.4887 (1663s)
  step  13100: FM loss 0.4596 (best 0.3909) | v=0 floor 0.4748 (1675s)
  step  13200: FM loss 0.4569 (best 0.3909) | v=0 floor 0.4725 (1688s)
  step  13300: FM loss 0.4320 (best 0.3909) | v=0 floor 0.4456 (1701s)
  step  13400: FM loss 0.4661 (best 0.3909) | v=0 floor 0.4832 (1714s)
  step  13500: FM loss 0.4521 (best 0.3909) | v=0 floor 0.4690 (1727s)
  step  13600: FM loss 0.4655 (best 0.3909) | v=0 floor 0.4829 (1740s)
  step  13700: FM loss 0.4513 (best 0.3909) | v=0 floor 0.4692 (1752s)
  step  13800: FM loss 0.5424 (best 0.3909) | v=0 floor 0.5611 (1765s)
  step  13900: FM loss 0.4457 (best 0.3909) | v=0 floor 0.4617 (1778s)
  step  14000: FM loss 0.4758 (best 0.3909) | v=0 floor 0.4946 (1791s)
  step  14100: FM loss 0.4972 (best 0.3909) | v=0 floor 0.5153 (1804s)
  step  14200: FM loss 0.4398 (best 0.3909) | v=0 floor 0.4554 (1816s)
  step  14300: FM loss 0.4875 (best 0.3909) | v=0 floor 0.5063 (1829s)
  step  14400: FM loss 0.4583 (best 0.3909) | v=0 floor 0.4752 (1842s)
  step  14500: FM loss 0.4905 (best 0.3909) | v=0 floor 0.5086 (1855s)
  step  14600: FM loss 0.5177 (best 0.3909) | v=0 floor 0.5382 (1868s)
  step  14700: FM loss 0.5012 (best 0.3909) | v=0 floor 0.5242 (1881s)
  step  14800: FM loss 0.5060 (best 0.3909) | v=0 floor 0.5290 (1893s)
  step  14900: FM loss 0.5231 (best 0.3909) | v=0 floor 0.5407 (1906s)
  step  15000: FM loss 0.4007 (best 0.3909) | v=0 floor 0.4174 (1919s)
  step  15100: FM loss 0.4880 (best 0.3909) | v=0 floor 0.5053 (1932s)
  step  15200: FM loss 0.4859 (best 0.3909) | v=0 floor 0.5043 (1945s)
  step  15300: FM loss 0.4913 (best 0.3909) | v=0 floor 0.5093 (1957s)
  step  15400: FM loss 0.4516 (best 0.3909) | v=0 floor 0.4717 (1970s)
  step  15500: FM loss 0.5011 (best 0.3909) | v=0 floor 0.5233 (1983s)
  step  15600: FM loss 0.4354 (best 0.3909) | v=0 floor 0.4532 (1996s)
  step  15700: FM loss 0.4914 (best 0.3909) | v=0 floor 0.5126 (2008s)
  step  15800: FM loss 0.4609 (best 0.3909) | v=0 floor 0.4793 (2021s)
  step  15900: FM loss 0.4386 (best 0.3909) | v=0 floor 0.4580 (2034s)
  step  16000: FM loss 0.4805 (best 0.3909) | v=0 floor 0.4995 (2047s)
  step  16100: FM loss 0.5113 (best 0.3909) | v=0 floor 0.5325 (2059s)
  step  16200: FM loss 0.4634 (best 0.3909) | v=0 floor 0.4805 (2072s)
  step  16300: FM loss 0.4524 (best 0.3909) | v=0 floor 0.4659 (2085s)
  step  16400: FM loss 0.4208 (best 0.3909) | v=0 floor 0.4367 (2098s)
  step  16500: FM loss 0.4328 (best 0.3909) | v=0 floor 0.4500 (2111s)
  step  16600: FM loss 0.4644 (best 0.3909) | v=0 floor 0.4855 (2123s)
  step  16700: FM loss 0.4205 (best 0.3909) | v=0 floor 0.4357 (2136s)
  step  16800: FM loss 0.5010 (best 0.3909) | v=0 floor 0.5208 (2149s)
  step  16900: FM loss 0.5230 (best 0.3909) | v=0 floor 0.5422 (2162s)
  step  17000: FM loss 0.4770 (best 0.3909) | v=0 floor 0.4969 (2174s)
  step  17100: FM loss 0.5039 (best 0.3909) | v=0 floor 0.5253 (2187s)
  step  17200: FM loss 0.5474 (best 0.3909) | v=0 floor 0.5694 (2200s)
  step  17300: FM loss 0.4271 (best 0.3909) | v=0 floor 0.4472 (2213s)
  step  17400: FM loss 0.4426 (best 0.3909) | v=0 floor 0.4614 (2226s)
  step  17500: FM loss 0.4376 (best 0.3909) | v=0 floor 0.4589 (2238s)
  step  17600: FM loss 0.4610 (best 0.3909) | v=0 floor 0.4819 (2251s)
  step  17700: FM loss 0.5036 (best 0.3909) | v=0 floor 0.5246 (2264s)
  step  17800: FM loss 0.4334 (best 0.3909) | v=0 floor 0.4515 (2277s)
  step  17900: FM loss 0.4722 (best 0.3909) | v=0 floor 0.4951 (2290s)
  step  18000: FM loss 0.4847 (best 0.3909) | v=0 floor 0.5035 (2302s)
  step  18100: FM loss 0.4478 (best 0.3909) | v=0 floor 0.4669 (2315s)
  step  18200: FM loss 0.4352 (best 0.3909) | v=0 floor 0.4547 (2328s)
  step  18300: FM loss 0.4955 (best 0.3909) | v=0 floor 0.5208 (2341s)
  step  18400: FM loss 0.4669 (best 0.3909) | v=0 floor 0.4903 (2353s)
  step  18500: FM loss 0.4444 (best 0.3909) | v=0 floor 0.4668 (2366s)
  step  18600: FM loss 0.4130 (best 0.3909) | v=0 floor 0.4330 (2379s)
  step  18700: FM loss 0.4518 (best 0.3909) | v=0 floor 0.4747 (2392s)
  step  18800: FM loss 0.4598 (best 0.3909) | v=0 floor 0.4836 (2404s)
  step  18900: FM loss 0.5199 (best 0.3909) | v=0 floor 0.5377 (2417s)
  step  19000: FM loss 0.4824 (best 0.3909) | v=0 floor 0.4998 (2430s)
  step  19100: FM loss 0.4536 (best 0.3909) | v=0 floor 0.4760 (2443s)
  step  19200: FM loss 0.4357 (best 0.3909) | v=0 floor 0.4564 (2455s)
  step  19300: FM loss 0.4349 (best 0.3909) | v=0 floor 0.4580 (2468s)
  step  19400: FM loss 0.4928 (best 0.3909) | v=0 floor 0.5167 (2481s)
  step  19500: FM loss 0.4975 (best 0.3909) | v=0 floor 0.5215 (2494s)
  step  19600: FM loss 0.4405 (best 0.3909) | v=0 floor 0.4609 (2507s)
  step  19700: FM loss 0.4710 (best 0.3909) | v=0 floor 0.4977 (2519s)
  step  19800: FM loss 0.4334 (best 0.3909) | v=0 floor 0.4530 (2532s)
  step  19900: FM loss 0.4239 (best 0.3909) | v=0 floor 0.4473 (2545s)
  step  20000: FM loss 0.4450 (best 0.3909) | v=0 floor 0.4650 (2558s)
done. best FM 0.3909 | final v=0 floor 0.4650 -> liquid_coupling_flow/artifacts/poly_swapflow_bw05_T0.085_k8_best.pt
