poly swap-flow FM training: T=0.085 k=8 m_env=64 hidden=128 layers=4 n_sig_bins=8 | 2400 pairs | steps=12000 batch=32 | device=cuda
  step    100: FM loss 0.0237 (best 0.0237) | v=0 floor 0.0237 (13s)
  step    200: FM loss 0.0233 (best 0.0233) | v=0 floor 0.0233 (25s)
  step    300: FM loss 0.0235 (best 0.0233) | v=0 floor 0.0235 (37s)
  step    400: FM loss 0.0237 (best 0.0233) | v=0 floor 0.0237 (49s)
  step    500: FM loss 0.0236 (best 0.0233) | v=0 floor 0.0236 (62s)
  step    600: FM loss 0.0231 (best 0.0231) | v=0 floor 0.0235 (74s)
  step    700: FM loss 0.0230 (best 0.0230) | v=0 floor 0.0238 (86s)
  step    800: FM loss 0.0222 (best 0.0222) | v=0 floor 0.0236 (98s)
  step    900: FM loss 0.0220 (best 0.0220) | v=0 floor 0.0233 (111s)
  step   1000: FM loss 0.0223 (best 0.0220) | v=0 floor 0.0237 (123s)
  step   1100: FM loss 0.0219 (best 0.0219) | v=0 floor 0.0235 (135s)
  step   1200: FM loss 0.0215 (best 0.0215) | v=0 floor 0.0233 (148s)
  step   1300: FM loss 0.0221 (best 0.0215) | v=0 floor 0.0238 (160s)
  step   1400: FM loss 0.0217 (best 0.0215) | v=0 floor 0.0237 (172s)
  step   1500: FM loss 0.0215 (best 0.0215) | v=0 floor 0.0236 (185s)
  step   1600: FM loss 0.0216 (best 0.0215) | v=0 floor 0.0238 (197s)
  step   1700: FM loss 0.0213 (best 0.0213) | v=0 floor 0.0234 (209s)
  step   1800: FM loss 0.0214 (best 0.0213) | v=0 floor 0.0237 (221s)
  step   1900: FM loss 0.0212 (best 0.0212) | v=0 floor 0.0234 (234s)
  step   2000: FM loss 0.0212 (best 0.0212) | v=0 floor 0.0236 (246s)
  step   2100: FM loss 0.0212 (best 0.0212) | v=0 floor 0.0236 (258s)
  step   2200: FM loss 0.0212 (best 0.0212) | v=0 floor 0.0237 (271s)
  step   2300: FM loss 0.0212 (best 0.0212) | v=0 floor 0.0238 (283s)
  step   2400: FM loss 0.0210 (best 0.0210) | v=0 floor 0.0236 (295s)
  step   2500: FM loss 0.0215 (best 0.0210) | v=0 floor 0.0242 (307s)
  step   2600: FM loss 0.0208 (best 0.0208) | v=0 floor 0.0235 (320s)
  step   2700: FM loss 0.0209 (best 0.0208) | v=0 floor 0.0237 (332s)
  step   2800: FM loss 0.0212 (best 0.0208) | v=0 floor 0.0237 (344s)
  step   2900: FM loss 0.0206 (best 0.0206) | v=0 floor 0.0233 (357s)
  step   3000: FM loss 0.0209 (best 0.0206) | v=0 floor 0.0236 (369s)
  step   3100: FM loss 0.0211 (best 0.0206) | v=0 floor 0.0236 (381s)
  step   3200: FM loss 0.0209 (best 0.0206) | v=0 floor 0.0237 (393s)
  step   3300: FM loss 0.0211 (best 0.0206) | v=0 floor 0.0237 (406s)
  step   3400: FM loss 0.0210 (best 0.0206) | v=0 floor 0.0237 (418s)
  step   3500: FM loss 0.0208 (best 0.0206) | v=0 floor 0.0235 (430s)
  step   3600: FM loss 0.0208 (best 0.0206) | v=0 floor 0.0237 (443s)
  step   3700: FM loss 0.0212 (best 0.0206) | v=0 floor 0.0237 (455s)
  step   3800: FM loss 0.0210 (best 0.0206) | v=0 floor 0.0237 (467s)
  step   3900: FM loss 0.0212 (best 0.0206) | v=0 floor 0.0238 (479s)
  step   4000: FM loss 0.0209 (best 0.0206) | v=0 floor 0.0237 (492s)
  step   4100: FM loss 0.0210 (best 0.0206) | v=0 floor 0.0237 (504s)
  step   4200: FM loss 0.0209 (best 0.0206) | v=0 floor 0.0238 (516s)
  step   4300: FM loss 0.0207 (best 0.0206) | v=0 floor 0.0235 (528s)
  step   4400: FM loss 0.0211 (best 0.0206) | v=0 floor 0.0238 (541s)
  step   4500: FM loss 0.0206 (best 0.0206) | v=0 floor 0.0236 (553s)
  step   4600: FM loss 0.0210 (best 0.0206) | v=0 floor 0.0238 (565s)
  step   4700: FM loss 0.0209 (best 0.0206) | v=0 floor 0.0237 (578s)
  step   4800: FM loss 0.0209 (best 0.0206) | v=0 floor 0.0239 (590s)
  step   4900: FM loss 0.0206 (best 0.0206) | v=0 floor 0.0235 (602s)
  step   5000: FM loss 0.0213 (best 0.0206) | v=0 floor 0.0240 (614s)
  step   5100: FM loss 0.0212 (best 0.0206) | v=0 floor 0.0237 (627s)
  step   5200: FM loss 0.0208 (best 0.0206) | v=0 floor 0.0237 (639s)
  step   5300: FM loss 0.0208 (best 0.0206) | v=0 floor 0.0236 (651s)
  step   5400: FM loss 0.0205 (best 0.0205) | v=0 floor 0.0234 (664s)
  step   5500: FM loss 0.0208 (best 0.0205) | v=0 floor 0.0236 (676s)
  step   5600: FM loss 0.0207 (best 0.0205) | v=0 floor 0.0238 (688s)
  step   5700: FM loss 0.0205 (best 0.0205) | v=0 floor 0.0234 (700s)
  step   5800: FM loss 0.0207 (best 0.0205) | v=0 floor 0.0237 (713s)
  step   5900: FM loss 0.0207 (best 0.0205) | v=0 floor 0.0236 (725s)
  step   6000: FM loss 0.0205 (best 0.0205) | v=0 floor 0.0234 (737s)
  step   6100: FM loss 0.0207 (best 0.0205) | v=0 floor 0.0237 (750s)
  step   6200: FM loss 0.0206 (best 0.0205) | v=0 floor 0.0234 (762s)
  step   6300: FM loss 0.0206 (best 0.0205) | v=0 floor 0.0236 (774s)
  step   6400: FM loss 0.0208 (best 0.0205) | v=0 floor 0.0237 (786s)
  step   6500: FM loss 0.0207 (best 0.0205) | v=0 floor 0.0237 (799s)
  step   6600: FM loss 0.0206 (best 0.0205) | v=0 floor 0.0236 (811s)
  step   6700: FM loss 0.0205 (best 0.0205) | v=0 floor 0.0236 (823s)
  step   6800: FM loss 0.0205 (best 0.0205) | v=0 floor 0.0235 (835s)
  step   6900: FM loss 0.0208 (best 0.0205) | v=0 floor 0.0236 (848s)
  step   7000: FM loss 0.0204 (best 0.0204) | v=0 floor 0.0235 (860s)
  step   7100: FM loss 0.0204 (best 0.0204) | v=0 floor 0.0234 (872s)
  step   7200: FM loss 0.0204 (best 0.0204) | v=0 floor 0.0235 (885s)
  step   7300: FM loss 0.0206 (best 0.0204) | v=0 floor 0.0236 (897s)
  step   7400: FM loss 0.0205 (best 0.0204) | v=0 floor 0.0235 (909s)
  step   7500: FM loss 0.0205 (best 0.0204) | v=0 floor 0.0235 (921s)
  step   7600: FM loss 0.0208 (best 0.0204) | v=0 floor 0.0237 (934s)
  step   7700: FM loss 0.0204 (best 0.0204) | v=0 floor 0.0237 (946s)
  step   7800: FM loss 0.0206 (best 0.0204) | v=0 floor 0.0238 (958s)
  step   7900: FM loss 0.0207 (best 0.0204) | v=0 floor 0.0237 (971s)
  step   8000: FM loss 0.0206 (best 0.0204) | v=0 floor 0.0236 (983s)
  step   8100: FM loss 0.0206 (best 0.0204) | v=0 floor 0.0236 (995s)
  step   8200: FM loss 0.0205 (best 0.0204) | v=0 floor 0.0235 (1008s)
  step   8300: FM loss 0.0206 (best 0.0204) | v=0 floor 0.0234 (1020s)
  step   8400: FM loss 0.0207 (best 0.0204) | v=0 floor 0.0238 (1032s)
  step   8500: FM loss 0.0206 (best 0.0204) | v=0 floor 0.0237 (1044s)
  step   8600: FM loss 0.0204 (best 0.0204) | v=0 floor 0.0236 (1057s)
  step   8700: FM loss 0.0203 (best 0.0203) | v=0 floor 0.0235 (1069s)
  step   8800: FM loss 0.0206 (best 0.0203) | v=0 floor 0.0238 (1081s)
  step   8900: FM loss 0.0203 (best 0.0203) | v=0 floor 0.0235 (1093s)
  step   9000: FM loss 0.0205 (best 0.0203) | v=0 floor 0.0236 (1106s)
  step   9100: FM loss 0.0201 (best 0.0201) | v=0 floor 0.0232 (1118s)
  step   9200: FM loss 0.0205 (best 0.0201) | v=0 floor 0.0237 (1130s)
  step   9300: FM loss 0.0202 (best 0.0201) | v=0 floor 0.0233 (1143s)
  step   9400: FM loss 0.0205 (best 0.0201) | v=0 floor 0.0236 (1155s)
  step   9500: FM loss 0.0205 (best 0.0201) | v=0 floor 0.0238 (1167s)
  step   9600: FM loss 0.0206 (best 0.0201) | v=0 floor 0.0237 (1179s)
  step   9700: FM loss 0.0203 (best 0.0201) | v=0 floor 0.0232 (1192s)
  step   9800: FM loss 0.0204 (best 0.0201) | v=0 floor 0.0237 (1204s)
  step   9900: FM loss 0.0207 (best 0.0201) | v=0 floor 0.0242 (1216s)
  step  10000: FM loss 0.0207 (best 0.0201) | v=0 floor 0.0239 (1229s)
  step  10100: FM loss 0.0203 (best 0.0201) | v=0 floor 0.0235 (1241s)
  step  10200: FM loss 0.0204 (best 0.0201) | v=0 floor 0.0237 (1253s)
  step  10300: FM loss 0.0204 (best 0.0201) | v=0 floor 0.0237 (1265s)
  step  10400: FM loss 0.0205 (best 0.0201) | v=0 floor 0.0237 (1278s)
  step  10500: FM loss 0.0203 (best 0.0201) | v=0 floor 0.0235 (1290s)
  step  10600: FM loss 0.0202 (best 0.0201) | v=0 floor 0.0237 (1302s)
  step  10700: FM loss 0.0203 (best 0.0201) | v=0 floor 0.0235 (1315s)
  step  10800: FM loss 0.0203 (best 0.0201) | v=0 floor 0.0234 (1327s)
  step  10900: FM loss 0.0200 (best 0.0200) | v=0 floor 0.0233 (1339s)
  step  11000: FM loss 0.0205 (best 0.0200) | v=0 floor 0.0237 (1351s)
  step  11100: FM loss 0.0203 (best 0.0200) | v=0 floor 0.0236 (1364s)
  step  11200: FM loss 0.0201 (best 0.0200) | v=0 floor 0.0235 (1376s)
  step  11300: FM loss 0.0204 (best 0.0200) | v=0 floor 0.0236 (1388s)
  step  11400: FM loss 0.0205 (best 0.0200) | v=0 floor 0.0236 (1401s)
  step  11500: FM loss 0.0203 (best 0.0200) | v=0 floor 0.0237 (1413s)
  step  11600: FM loss 0.0206 (best 0.0200) | v=0 floor 0.0240 (1425s)
  step  11700: FM loss 0.0201 (best 0.0200) | v=0 floor 0.0236 (1437s)
  step  11800: FM loss 0.0204 (best 0.0200) | v=0 floor 0.0238 (1450s)
  step  11900: FM loss 0.0204 (best 0.0200) | v=0 floor 0.0238 (1462s)
  step  12000: FM loss 0.0202 (best 0.0200) | v=0 floor 0.0234 (1474s)
done. best FM 0.0200 | final v=0 floor 0.0234 -> liquid_coupling_flow/artifacts/poly_chunkescort_T0.085_k8_best.pt
