[selector-data] 32 TRAIN frames (runs 1+2), N=300, T=0.085, window=[0.1,0.9), r_loc=3.0, n_steps=200
[   66.7s] saved 500/12000 (W med=+3.16, 7.50 samp/s)
[  133.7s] saved 1000/12000 (W med=+3.14, 7.48 samp/s)
[  204.6s] saved 1500/12000 (W med=+3.06, 7.33 samp/s)
[  271.5s] saved 2000/12000 (W med=+3.16, 7.37 samp/s)
[  350.2s] saved 2500/12000 (W med=+3.17, 7.14 samp/s)
[  425.3s] saved 3000/12000 (W med=+3.19, 7.05 samp/s)
[  494.1s] saved 3500/12000 (W med=+3.17, 7.08 samp/s)
[  565.0s] saved 4000/12000 (W med=+3.16, 7.08 samp/s)
[  632.5s] saved 4500/12000 (W med=+3.19, 7.11 samp/s)
[  700.6s] saved 5000/12000 (W med=+3.20, 7.14 samp/s)
[  776.4s] saved 5500/12000 (W med=+3.20, 7.08 samp/s)
[  851.0s] saved 6000/12000 (W med=+3.20, 7.05 samp/s)
[  934.5s] saved 6500/12000 (W med=+3.22, 6.96 samp/s)
[ 1016.3s] saved 7000/12000 (W med=+3.22, 6.89 samp/s)
[ 1090.8s] saved 7500/12000 (W med=+3.23, 6.88 samp/s)
[ 1157.0s] saved 8000/12000 (W med=+3.19, 6.91 samp/s)
[ 1224.5s] saved 8500/12000 (W med=+3.23, 6.94 samp/s)
[ 1292.3s] saved 9000/12000 (W med=+3.25, 6.96 samp/s)
[ 1359.5s] saved 9500/12000 (W med=+3.27, 6.99 samp/s)
[ 1427.0s] saved 10000/12000 (W med=+3.28, 7.01 samp/s)
[ 1494.4s] saved 10500/12000 (W med=+3.27, 7.03 samp/s)
[ 1560.5s] saved 11000/12000 (W med=+3.30, 7.05 samp/s)
[ 1626.6s] saved 11500/12000 (W med=+3.30, 7.07 samp/s)
[ 1692.7s] saved 12000/12000 (W med=+3.30, 7.09 samp/s)
[selector-data] DONE 12000 samples in 1693s -> reports/logs-2026-07-17/poly_selector_dataset_T0.085.pt
