=== cav 0 (n=45, R=2.0) TI-ENSEMBLE: 70 basins from 96 quenches (quench |grad| 2.25e-01) ===
   basin U_IS/n -53.250 members   1 REF negEV 0 bF_anh    +2.22 q_b +0.783+-0.094 TI[+9.00..-9.50]
   basin U_IS/n -52.509 members   1     negEV 1 bF_anh   -14.89 q_b +0.482+-0.064 TI[+7.75..-86.79]
   basin U_IS/n -52.954 members  15     negEV 0 bF_anh    +0.69 q_b +0.572+-0.068 TI[+15.86..-22.28]
   basin U_IS/n -52.601 members   1     negEV 1 bF_anh    -7.82 q_b +0.428+-0.060 TI[+16.85..-67.94]
   basin U_IS/n -52.777 members  10     negEV 1 bF_anh    -7.12 q_b +0.537+-0.076 TI[+9.46..-44.32]
   basin U_IS/n -52.215 members   1     negEV 0 bF_anh    -6.03 q_b +0.262+-0.065 TI[+7.41..-34.65]
   basin U_IS/n -52.546 members   1     negEV 0 bF_anh    -4.02 q_b +0.504+-0.059 TI[+22.69..-36.71]
   basin U_IS/n -52.606 members   1     negEV 0 bF_anh    -2.51 q_b +0.381+-0.081 TI[+7.99..-21.16]
   basin U_IS/n -52.674 members   1     negEV 0 bF_anh    -2.30 q_b +0.423+-0.079 TI[+11.34..-23.50]
   basin U_IS/n -52.753 members   1     negEV 0 bF_anh    +8.83 q_b +0.532+-0.059 TI[+71.84..-15.11]
   basin U_IS/n -52.733 members   3     negEV 0 bF_anh    -6.18 q_b +0.633+-0.074 TI[+9.00..-49.83]
   basin U_IS/n -52.699 members   1     negEV 0 bF_anh    +0.17 q_b +0.417+-0.053 TI[+27.91..-21.82]
   basin U_IS/n -52.660 members   1     negEV 0 bF_anh    +0.87 q_b +0.400+-0.047 TI[+30.63..-31.17]
   basin U_IS/n -52.350 members   1     negEV 0 bF_anh    -9.40 q_b +0.414+-0.062 TI[+9.14..-53.62]
   basin U_IS/n -52.608 members   1     negEV 0 bF_anh    -5.97 q_b +0.377+-0.054 TI[+18.38..-45.49]
   basin U_IS/n -52.573 members   1     negEV 0 bF_anh    +8.89 q_b +0.204+-0.056 TI[+80.63..-15.54]
   basin U_IS/n -52.754 members   1     negEV 1 bF_anh    -1.26 q_b +0.431+-0.058 TI[+21.97..-26.23]
   basin U_IS/n -52.694 members   1     negEV 1 bF_anh    +1.53 q_b +0.425+-0.048 TI[+23.82..-18.10]
   basin U_IS/n -52.579 members   1     negEV 0 bF_anh    -2.48 q_b +0.454+-0.065 TI[+9.70..-27.86]
   basin U_IS/n -52.432 members   1     negEV 0 bF_anh    -7.38 q_b +0.573+-0.053 TI[+12.60..-61.26]
   basin U_IS/n -52.653 members   1     negEV 1 bF_anh    -1.85 q_b +0.316+-0.055 TI[+7.86..-22.31]
   basin U_IS/n -52.479 members   1     negEV 1 bF_anh   +10.64 q_b +0.272+-0.057 TI[+102.14..-19.88]
   basin U_IS/n -52.614 members   1     negEV 0 bF_anh    -1.94 q_b +0.350+-0.061 TI[+8.98..-24.42]
   basin U_IS/n -52.594 members   1     negEV 1 bF_anh    -5.11 q_b +0.283+-0.050 TI[+11.53..-51.44]
