=== cav 0 (n=45) PT-v2: 16 rungs, members found 1, B cold seeds q~ [0.45, 0.6] verified=True ===
  bulk: convention rho*l^3 = 0.060; empirical (Cavagna) = 0.036; q(self) = 1.381 (~rho)
  sw   25: HOCKY q~ A ['+1.04', '+0.89']  B ['+0.22', '+0.43']  (old-metric A ['+0.00', '+0.90'])
  sw   50: HOCKY q~ A ['+0.95', '+0.89']  B ['+0.34', '+0.46']  (old-metric A ['+0.00', '-0.06'])
  sw   75: HOCKY q~ A ['+0.86', '+0.77']  B ['+0.43', '+0.43']  (old-metric A ['+0.06', '+0.03'])
  sw  100: HOCKY q~ A ['+0.86', '+0.71']  B ['+0.40', '+0.43']  (old-metric A ['-0.06', '-0.06'])
  sw  125: HOCKY q~ A ['+0.83', '+0.80']  B ['+0.49', '+0.43']  (old-metric A ['+0.03', '+0.03'])
  sw  150: HOCKY q~ A ['+0.71', '+0.77']  B ['+0.31', '+0.28']  (old-metric A ['+0.00', '-0.03'])
  sw  175: HOCKY q~ A ['+0.80', '+0.71']  B ['+0.43', '+0.37']  (old-metric A ['+0.03', '+0.03'])
  sw  200: HOCKY q~ A ['+0.83', '+0.83']  B ['+0.31', '+0.31']  (old-metric A ['+0.00', '-0.03'])
  sw  225: HOCKY q~ A ['+0.80', '+0.92']  B ['+0.55', '+0.43']  (old-metric A ['-0.03', '+0.00'])
  sw  250: HOCKY q~ A ['+0.74', '+0.83']  B ['+0.40', '+0.40']  (old-metric A ['+0.09', '+0.03'])
  FINAL: A +0.797+-0.058  B +0.393+-0.079  gap 0.404  exch cold-end ['0.82', '0.86', '0.81', '0.82']  (380s)
=== cav 1 (n=35) PT-v2: 16 rungs, members found 7, B cold seeds q~ [0.51, 0.48] verified=True ===
  bulk: convention rho*l^3 = 0.060; empirical (Cavagna) = 0.041; q(self) = 1.074 (~rho)
  sw   25: HOCKY q~ A ['+0.58', '+0.62']  B ['+0.31', '+0.37']  (old-metric A ['-0.06', '+0.60'])
  sw   50: HOCKY q~ A ['+0.43', '+0.52']  B ['+0.46', '+0.40']  (old-metric A ['+0.36', '+0.42'])
  sw   75: HOCKY q~ A ['+0.37', '+0.58']  B ['+0.40', '+0.37']  (old-metric A ['+0.00', '+0.54'])
  sw  100: HOCKY q~ A ['+0.49', '+0.52']  B ['+0.37', '+0.52']  (old-metric A ['+0.48', '-0.06'])
  sw  125: HOCKY q~ A ['+0.58', '+0.52']  B ['+0.37', '+0.37']  (old-metric A ['+0.54', '+0.00'])
  sw  150: HOCKY q~ A ['+0.55', '+0.46']  B ['+0.31', '+0.37']  (old-metric A ['+0.51', '+0.51'])
  sw  175: HOCKY q~ A ['+0.49', '+0.52']  B ['+0.46', '+0.40']  (old-metric A ['-0.03', '-0.06'])
  sw  200: HOCKY q~ A ['+0.52', '+0.52']  B ['+0.43', '+0.40']  (old-metric A ['-0.03', '-0.06'])
  sw  225: HOCKY q~ A ['+0.49', '+0.55']  B ['+0.43', '+0.37']  (old-metric A ['-0.03', '+0.12'])
  sw  250: HOCKY q~ A ['+0.52', '+0.43']  B ['+0.49', '+0.43']  (old-metric A ['-0.03', '+0.00'])
  FINAL: A +0.515+-0.040  B +0.403+-0.048  gap 0.113  exch cold-end ['0.87', '0.85', '0.87', '0.87']  (304s)
saved -> reports/logs-2026-07-14/pt_dualseed_v3_hocky.pt
