=== cav 0 (n=45) PT-v2: 16 rungs, members found 1, B cold seeds q~ [0.45, 0.6] verified=True ===
  sw   25: cold q~ A ['+0.00', '+0.90']  B ['+0.06', '+0.33']  U/n A -52.51 B -50.70
  sw   50: cold q~ A ['+0.00', '-0.06']  B ['+0.03', '-0.03']  U/n A -52.60 B -51.20
  sw   75: cold q~ A ['+0.06', '+0.03']  B ['+0.09', '-0.06']  U/n A -52.44 B -51.59
  sw  100: cold q~ A ['-0.06', '-0.06']  B ['+0.03', '+0.06']  U/n A -52.63 B -51.64
  sw  125: cold q~ A ['+0.03', '+0.03']  B ['+0.30', '+0.00']  U/n A -52.54 B -51.73
  sw  150: cold q~ A ['+0.00', '-0.03']  B ['+0.03', '-0.03']  U/n A -52.61 B -51.66
  sw  175: cold q~ A ['+0.03', '+0.03']  B ['+0.36', '+0.03']  U/n A -52.54 B -51.71
  sw  200: cold q~ A ['+0.00', '-0.03']  B ['+0.48', '+0.39']  U/n A -52.59 B -51.85
  sw  225: cold q~ A ['-0.03', '+0.00']  B ['+0.54', '-0.06']  U/n A -52.57 B -51.88
  sw  250: cold q~ A ['+0.09', '+0.03']  B ['+0.36', '+0.03']  U/n A -52.47 B -51.84
  FINAL: A +0.015+-0.033  B +0.204+-0.211  gap 0.189  exch cold-end ['0.84', '0.87', '0.83', '0.85']  (380s)
=== cav 1 (n=35) PT-v2: 16 rungs, members found 7, B cold seeds q~ [0.51, 0.48] verified=True ===
  sw   25: cold q~ A ['-0.06', '+0.60']  B ['-0.06', '+0.00']  U/n A -66.96 B -65.69
  sw   50: cold q~ A ['+0.36', '+0.42']  B ['+0.00', '+0.03']  U/n A -66.73 B -66.19
  sw   75: cold q~ A ['+0.00', '+0.54']  B ['-0.06', '+0.03']  U/n A -66.96 B -66.10
  sw  100: cold q~ A ['+0.48', '-0.06']  B ['+0.03', '-0.03']  U/n A -66.95 B -66.14
  sw  125: cold q~ A ['+0.54', '+0.00']  B ['+0.30', '-0.03']  U/n A -66.88 B -66.29
  sw  150: cold q~ A ['+0.51', '+0.51']  B ['-0.03', '-0.06']  U/n A -66.92 B -66.29
  sw  175: cold q~ A ['-0.03', '-0.06']  B ['+0.54', '-0.03']  U/n A -66.92 B -66.43
  sw  200: cold q~ A ['-0.03', '-0.06']  B ['+0.00', '-0.03']  U/n A -66.86 B -66.31
  sw  225: cold q~ A ['-0.03', '+0.12']  B ['-0.06', '+0.36']  U/n A -66.89 B -66.30
  sw  250: cold q~ A ['-0.03', '+0.00']  B ['-0.03', '+0.48']  U/n A -66.82 B -66.48
  FINAL: A +0.122+-0.234  B +0.119+-0.220  gap 0.002  exch cold-end ['0.88', '0.84', '0.86', '0.86']  (303s)
saved -> reports/logs-2026-07-14/pt_dualseed_v2.pt
