block-cond FT: train=6720 held=128 radii=(1.6, 2.0, 2.5, 3.0, 3.5, 4.0, 4.5) mixture={'all': 0.30000001192092896, 'blob': 0.44999998807907104, 'single': 0.15000000596046448, 'tail': 0.10000000149011612} dev=cuda
warm liquid_coupling_flow/artifacts/ka3d_cavity_ebm3ax_rho115_blockcond_knn24_best.pt
warm-start held NLL: all -2.1028  blob8 -2.7716  tail8 -3.3005  single -3.9366
step     0 loss -3.5937 | all -2.1181(-0.015) blob8 -2.7903(-0.019) tail8 -3.3055 single -3.9582 (26s)
step   500 loss -3.4907 | all -2.3193(-0.217) blob8 -2.9607(-0.189) tail8 -3.4989 single -3.8632 (244s)
step  1000 loss -3.1108 | all -2.3479(-0.245) blob8 -3.0111(-0.239) tail8 -3.5102 single -3.8306 (450s)
step  1500 loss -2.3147 | all -2.3609(-0.258) blob8 -3.0406(-0.269) tail8 -3.5461 single -3.8654 (664s)
step  2000 loss -4.3130 | all -2.3456(-0.243) blob8 -3.0207(-0.249) tail8 -3.5333 single -3.9702 (872s)
step  2500 loss -3.4064 | all -2.3545(-0.252) blob8 -2.9948(-0.223) tail8 -3.5511 single -3.8722 (1082s)
step  3000 loss -2.3505 | all -2.3644(-0.262) blob8 -2.9958(-0.224) tail8 -3.5178 single -3.8834 (1293s)
step  3500 loss -3.1201 | all -2.3854(-0.283) blob8 -3.0836(-0.312) tail8 -3.5547 single -3.9302 (1504s)
step  4000 loss -4.3098 | all -2.3790(-0.276) blob8 -3.1174(-0.346) tail8 -3.5571 single -4.0459 (1719s)
step  4500 loss -0.4820 | all -2.3882(-0.285) blob8 -3.0757(-0.304) tail8 -3.4552 single -4.0927 (1931s)
step  5000 loss -2.4186 | all -2.3491(-0.246) blob8 -3.0807(-0.309) tail8 -3.4834 single -4.0122 (2138s)
step  5500 loss -2.6292 | all -2.3948(-0.292) blob8 -3.1053(-0.334) tail8 -3.5349 single -3.9484 (2354s)
step  6000 loss -1.4361 | all -2.4019(-0.299) blob8 -3.0741(-0.303) tail8 -3.5043 single -3.9510 (2565s)
step  6500 loss -2.6134 | all -2.4041(-0.301) blob8 -3.0773(-0.306) tail8 -3.5507 single -3.9489 (2777s)
step  7000 loss -2.0430 | all -2.3827(-0.280) blob8 -3.0591(-0.287) tail8 -3.4653 single -4.1401 (2986s)
step  7500 loss -3.4186 | all -2.4073(-0.304) blob8 -3.1299(-0.358) tail8 -3.5101 single -4.1842 (3197s)
step  8000 loss -3.1647 | all -2.3932(-0.290) blob8 -3.0666(-0.295) tail8 -3.5228 single -4.1605 (3409s)
step  8500 loss -3.4307 | all -2.3959(-0.293) blob8 -3.0679(-0.296) tail8 -3.5196 single -4.1403 (3620s)
step  9000 loss -1.5924 | all -2.4128(-0.310) blob8 -3.1196(-0.348) tail8 -3.5284 single -4.0764 (3831s)
step  9500 loss -3.9610 | all -2.4299(-0.327) blob8 -3.1381(-0.366) tail8 -3.5385 single -4.1685 (4041s)
step 10000 loss -3.3039 | all -2.4041(-0.301) blob8 -3.0957(-0.324) tail8 -3.5610 single -4.0839 (4254s)
step 10500 loss -3.1785 | all -2.4194(-0.317) blob8 -3.0868(-0.315) tail8 -3.6219 single -4.0496 (4465s)
step 11000 loss -3.0176 | all -2.4350(-0.332) blob8 -3.1443(-0.373) tail8 -3.5573 single -4.1519 (4673s)
step 11500 loss -3.2925 | all -2.4358(-0.333) blob8 -3.1720(-0.400) tail8 -3.6234 single -4.1588 (4886s)
step 12000 loss -2.1077 | all -2.4233(-0.321) blob8 -3.1130(-0.341) tail8 -3.6083 single -4.2365 (5096s)
step 12500 loss -3.7651 | all -2.4507(-0.348) blob8 -3.1692(-0.398) tail8 -3.6577 single -4.2202 (5307s)
step 13000 loss -2.0958 | all -2.4378(-0.335) blob8 -3.1495(-0.378) tail8 -3.5948 single -4.2269 (5516s)
step 13500 loss -3.9802 | all -2.4350(-0.332) blob8 -3.1616(-0.390) tail8 -3.6181 single -4.0941 (5721s)
step 14000 loss -3.9253 | all -2.4408(-0.338) blob8 -3.2019(-0.430) tail8 -3.6577 single -4.2192 (5936s)
step 14500 loss -3.2060 | all -2.4442(-0.341) blob8 -3.1740(-0.402) tail8 -3.6269 single -4.3119 (6148s)
step 15000 loss -3.7209 | all -2.4250(-0.322) blob8 -3.1229(-0.351) tail8 -3.6375 single -4.1777 (6355s)
step 15500 loss -3.8994 | all -2.4286(-0.326) blob8 -3.1383(-0.367) tail8 -3.5864 single -4.3347 (6568s)
step 16000 loss -4.1999 | all -2.4550(-0.352) blob8 -3.1633(-0.392) tail8 -3.5897 single -4.1899 (6779s)
step 16500 loss -3.0424 | all -2.4420(-0.339) blob8 -3.1538(-0.382) tail8 -3.6384 single -4.1507 (6989s)
step 17000 loss -2.8121 | all -2.4543(-0.352) blob8 -3.1741(-0.403) tail8 -3.6331 single -4.1382 (7199s)
step 17500 loss -3.1587 | all -2.4536(-0.351) blob8 -3.1634(-0.392) tail8 -3.6129 single -4.1890 (7414s)
step 18000 loss -2.4959 | all -2.4568(-0.354) blob8 -3.1723(-0.401) tail8 -3.6550 single -4.2817 (7622s)
step 18500 loss -2.6630 | all -2.4577(-0.355) blob8 -3.1711(-0.400) tail8 -3.6149 single -4.2567 (7835s)
step 19000 loss -3.9992 | all -2.4637(-0.361) blob8 -3.1720(-0.400) tail8 -3.5947 single -4.2589 (8047s)
step 19500 loss -2.7221 | all -2.4361(-0.333) blob8 -3.1696(-0.398) tail8 -3.6031 single -4.2687 (8259s)
step 20000 loss -2.7819 | all -2.4422(-0.339) blob8 -3.1623(-0.391) tail8 -3.6586 single -4.3310 (8473s)
EARLY STOP step 20000: blob8 NLL flat 12 evals (best -3.2019)
saved liquid_coupling_flow/artifacts/ka3d_cavity_ebm3ax_rho115_blockcond_knn24_Rext.pt (best blob8 NLL -3.2019)
