flow seed pop: U/N -1.3980

[uniform] seed U/N +192.6510
[uniform] rung  0 beta  0.500  U/N +0.5343  evals    196,608
[uniform] rung  1 beta  0.659  U/N -0.4862  evals    393,216
[uniform] rung  2 beta  0.868  U/N -0.8076  evals    589,824
[uniform] rung  3 beta  1.143  U/N -0.9912  evals    786,432
[uniform] rung  4 beta  1.507  U/N -1.1213  evals    983,040
[uniform] rung  5 beta  1.985  U/N -1.2272  evals  1,179,648
[uniform] rung  6 beta  2.615  U/N -1.3143  evals  1,376,256
[uniform] rung  7 beta  3.445  U/N -1.3867  evals  1,572,864
[uniform] rung  8 beta  4.539  U/N -1.4439  evals  1,769,472
[uniform] rung  9 beta  5.981  U/N -1.4956  evals  1,966,080
[uniform] rung 10 beta  7.880  U/N -1.5402  evals  2,162,688
[uniform] rung 11 beta 10.381  U/N -1.5773  evals  2,359,296

[flow  ] seed U/N -1.3980
[flow  ] rung  0 beta  0.500  U/N -0.7146  evals    196,608
[flow  ] rung  1 beta  0.659  U/N -0.7611  evals    393,216
[flow  ] rung  2 beta  0.868  U/N -0.8916  evals    589,824
[flow  ] rung  3 beta  1.143  U/N -1.0254  evals    786,432
[flow  ] rung  4 beta  1.507  U/N -1.1311  evals    983,040
[flow  ] rung  5 beta  1.985  U/N -1.2280  evals  1,179,648
[flow  ] rung  6 beta  2.615  U/N -1.3144  evals  1,376,256
[flow  ] rung  7 beta  3.445  U/N -1.3810  evals  1,572,864
[flow  ] rung  8 beta  4.539  U/N -1.4409  evals  1,769,472
[flow  ] rung  9 beta  5.981  U/N -1.4955  evals  1,966,080
[flow  ] rung 10 beta  7.880  U/N -1.5394  evals  2,162,688
[flow  ] rung 11 beta 10.381  U/N -1.5781  evals  2,359,296

threshold not reached: uniform None flow None
final U/N: uniform -1.5773 (2,359,296 evals)  flow -1.5781 (2,359,296 evals)  ref -1.627
