overfit set: 12 cavities, n_in=[18, 67, 21, 65, 19, 66, 18, 71, 17, 71, 19, 69]
  step    0  -logp/n(all)=+8.098  (1s)
  step  200  -logp/n(all)=+0.841  (20s)
  step  400  -logp/n(all)=-3.598  (39s)
  step  600  -logp/n(all)=-5.399  (58s)
  step  800  -logp/n(all)=-5.721  (77s)
  step 1000  -logp/n(all)=-5.822  (96s)
  step 1200  -logp/n(all)=-5.827  (115s)
  step 1400  -logp/n(all)=-5.845  (134s)
  step 1600  -logp/n(all)=-5.829  (153s)
  step 1800  -logp/n(all)=-5.848  (172s)
  step 1999  -logp/n(all)=-5.868  (191s)

[physical check] generated interior vs true carved interior:
  R=1.6 n=18: U/N true=-6.695 gen=-6.617  overlap(gen,true)=0.487
  R=2.4 n=67: U/N true=-6.727 gen=+66.646  overlap(gen,true)=0.066
  R=1.6 n=21: U/N true=-6.741 gen=+469.668  overlap(gen,true)=0.732
  R=2.4 n=65: U/N true=-6.774 gen=+113.939  overlap(gen,true)=0.817
  R=1.6 n=19: U/N true=-6.727 gen=+10072.301  overlap(gen,true)=0.519
  R=2.4 n=66: U/N true=-6.708 gen=+298079.969  overlap(gen,true)=0.000
done
