masked train=1800 held=20 radii=(1.6, 2.0, 2.4) dev=cuda
step      0 block_nll=+5.779 block_clash=80.0% mh_accept=0.0% full_U=+171492082.22 (58s)
step   1000 block_nll=+1.104 block_clash=81.2% mh_accept=0.0% full_U=+271002.93 (315s)
step   2000 block_nll=+0.692 block_clash=63.7% mh_accept=0.0% full_U=+64011.08 (571s)
step   3000 block_nll=+0.043 block_clash=73.8% mh_accept=0.0% full_U=+10685.07 (829s)
step   4000 block_nll=+0.026 block_clash=76.2% mh_accept=0.0% full_U=+102212.68 (1088s)
step   5000 block_nll=-0.113 block_clash=56.2% mh_accept=0.0% full_U=+289274.62 (1347s)
step   6000 block_nll=-0.152 block_clash=56.2% mh_accept=0.0% full_U=+32506.03 (1604s)
step   7000 block_nll=-0.350 block_clash=52.5% mh_accept=0.0% full_U=+26745.66 (1860s)
step   8000 block_nll=-0.486 block_clash=63.7% mh_accept=0.0% full_U=+5139.32 (2117s)
step   9000 block_nll=-0.598 block_clash=51.2% mh_accept=0.0% full_U=+28959.89 (2373s)
step  10000 block_nll=-0.773 block_clash=51.2% mh_accept=0.0% full_U=+43035.63 (2597s)
step  11000 block_nll=-0.277 block_clash=56.2% mh_accept=0.0% full_U=+147586.08 (2740s)
step  12000 block_nll=-0.224 block_clash=55.0% mh_accept=0.0% full_U=+15246.85 (2882s)
step  13000 block_nll=-0.957 block_clash=45.0% mh_accept=0.0% full_U=+20374.23 (3023s)
step  14000 block_nll=-0.530 block_clash=52.5% mh_accept=0.2% full_U=+7351.33 (3164s)
step  15000 block_nll=-0.969 block_clash=48.8% mh_accept=0.3% full_U=+54885.50 (3306s)
step  16000 block_nll=-0.975 block_clash=51.2% mh_accept=0.0% full_U=+6658.47 (3449s)
step  17000 block_nll=-0.736 block_clash=38.8% mh_accept=0.0% full_U=+44649.07 (3592s)
step  18000 block_nll=-0.962 block_clash=48.8% mh_accept=0.2% full_U=+5220.12 (3734s)
step  19000 block_nll=-0.660 block_clash=48.8% mh_accept=0.0% full_U=+1884.85 (3876s)
step  20000 block_nll=-0.915 block_clash=47.5% mh_accept=0.2% full_U=+10166.84 (4018s)
