masked train=1800 held=20 radii=(1.6, 2.0, 2.4) dev=cuda
head=categorical use_frame=False rot_aug=True
step      0 block_nll=+6.095 block_clash=76.2% mh_accept=0.0% full_U=+26906107.03 (25s)
step   1000 block_nll=+1.814 block_clash=78.8% mh_accept=0.0% full_U=+1219607.28 (164s)
step   2000 block_nll=+1.067 block_clash=73.8% mh_accept=0.0% full_U=+440735.59 (303s)
step   3000 block_nll=+0.444 block_clash=72.5% mh_accept=0.0% full_U=+58215.14 (441s)
step   4000 block_nll=+0.006 block_clash=76.2% mh_accept=0.0% full_U=+146194.32 (579s)
step   5000 block_nll=-0.308 block_clash=60.0% mh_accept=0.0% full_U=+139986.65 (718s)
step   6000 block_nll=+0.195 block_clash=57.5% mh_accept=0.0% full_U=+59894.88 (856s)
step   7000 block_nll=+0.013 block_clash=57.5% mh_accept=0.0% full_U=+18624.80 (1024s)
step   8000 block_nll=-0.073 block_clash=56.2% mh_accept=0.0% full_U=+6220.74 (1187s)
step   9000 block_nll=-0.548 block_clash=58.8% mh_accept=0.0% full_U=+9996.99 (1372s)
step  10000 block_nll=-0.376 block_clash=55.0% mh_accept=0.0% full_U=+50040.47 (1511s)
step  11000 block_nll=-0.832 block_clash=48.8% mh_accept=0.0% full_U=+8753.72 (1649s)
step  12000 block_nll=-0.313 block_clash=63.7% mh_accept=0.0% full_U=+31762.43 (1790s)
step  13000 block_nll=-0.414 block_clash=55.0% mh_accept=0.2% full_U=+2504.60 (1928s)
step  14000 block_nll=-0.765 block_clash=46.2% mh_accept=0.0% full_U=+18560.89 (2068s)
step  15000 block_nll=-0.530 block_clash=45.0% mh_accept=0.0% full_U=+15349.69 (2205s)
step  16000 block_nll=-0.790 block_clash=55.0% mh_accept=0.0% full_U=+86659.49 (2341s)
step  17000 block_nll=-0.653 block_clash=53.8% mh_accept=0.0% full_U=+14745.12 (2479s)
step  18000 block_nll=-0.716 block_clash=63.7% mh_accept=0.2% full_U=+11317.35 (2615s)
step  19000 block_nll=-0.533 block_clash=47.5% mh_accept=0.0% full_U=+38108.23 (2752s)
step  20000 block_nll=-1.271 block_clash=46.2% mh_accept=0.0% full_U=+34668.72 (2889s)
