[gptsPT] R=1.5 cav=0 n=  19  qc_AB=0.613 (wA 0.719 wB 0.482)  gapBA=-0.016 exch=0.61/min0.49 turnA=0.74 OK (0 min)
[gptsPT] R=1.5 cav=1 n=  17  qc_AB=0.762 (wA 0.824 wB 0.775)  gapBA=+0.007 exch=0.64/min0.57 turnA=0.82 OK (0 min)
[gptsPT] R=1.5 cav=2 n=  18  qc_AB=0.599 (wA 0.696 wB 0.632)  gapBA=+0.071 exch=0.65/min0.58 turnA=0.74 OK (1 min)
[gptsPT] R=1.5 cav=3 n=  17  qc_AB=0.757 (wA 0.744 wB 0.767)  gapBA=+0.005 exch=0.64/min0.58 turnA=0.76 OK (1 min)
[gptsPT] R=1.5 cav=4 n=  15  qc_AB=0.607 (wA 0.778 wB 0.522)  gapBA=+0.139 exch=0.65/min0.55 turnA=0.78 OK (1 min)
[gptsPT] R=1.5 cav=5 n=  18  qc_AB=0.839 (wA 0.833 wB 0.823)  gapBA=-0.019 exch=0.63/min0.57 turnA=0.87 OK (1 min)
[gptsPT] R=2.0 cav=0 n=  36  qc_AB=0.364 (wA 0.587 wB 0.740)  gapBA=+0.009 exch=0.50/min0.38 turnA=0.51 OK (2 min)
[gptsPT] R=2.0 cav=1 n=  38  qc_AB=0.694 (wA 0.743 wB 0.628)  gapBA=+0.081 exch=0.49/min0.42 turnA=0.78 OK (2 min)
[gptsPT] R=2.0 cav=2 n=  38  qc_AB=0.626 (wA 0.706 wB 0.706)  gapBA=-0.002 exch=0.50/min0.41 turnA=0.81 OK (3 min)
[gptsPT] R=2.0 cav=3 n=  36  qc_AB=0.663 (wA 0.756 wB 0.705)  gapBA=+0.039 exch=0.50/min0.41 turnA=0.78 OK (3 min)
[gptsPT] R=2.0 cav=4 n=  37  qc_AB=0.490 (wA 0.798 wB 0.430)  gapBA=+0.285 exch=0.50/min0.39 turnA=0.81 NOT-CONV (3 min)
[gptsPT] R=2.0 cav=5 n=  35  qc_AB=0.628 (wA 0.692 wB 0.569)  gapBA=+0.039 exch=0.49/min0.37 turnA=0.70 OK (4 min)
[gptsPT] R=2.5 cav=0 n=  79  qc_AB=0.146 (wA 0.246 wB 0.315)  gapBA=+0.218 exch=0.33/min0.26 turnA=0.46 NOT-CONV (5 min)
[gptsPT] R=2.5 cav=1 n=  81  qc_AB=0.140 (wA 0.695 wB 0.207)  gapBA=+0.503 exch=0.30/min0.24 turnA=0.71 NOT-CONV (6 min)
[gptsPT] R=2.5 cav=2 n=  74  qc_AB=0.117 (wA 0.768 wB 0.498)  gapBA=+0.311 exch=0.33/min0.26 turnA=0.76 NOT-CONV (6 min)
[gptsPT] R=2.5 cav=3 n=  74  qc_AB=0.146 (wA 0.516 wB 0.410)  gapBA=+0.290 exch=0.33/min0.28 turnA=0.53 NOT-CONV (7 min)
[gptsPT] R=2.5 cav=4 n=  75  qc_AB=0.248 (wA 0.736 wB 0.351)  gapBA=+0.270 exch=0.34/min0.30 turnA=0.75 NOT-CONV (8 min)
[gptsPT] R=2.5 cav=5 n=  73  qc_AB=0.479 (wA 0.814 wB 0.515)  gapBA=+0.152 exch=0.34/min0.28 turnA=0.88 NOT-CONV (9 min)
[gptsPT] R=3.0 cav=0 n= 132  qc_AB=0.163 (wA 0.587 wB 0.226)  gapBA=+0.264 exch=0.36/min0.30 turnA=0.65 NOT-CONV (11 min)
[gptsPT] R=3.0 cav=1 n= 135  qc_AB=0.106 (wA 0.783 wB 0.519)  gapBA=+0.373 exch=0.35/min0.25 turnA=0.77 NOT-CONV (13 min)
[gptsPT] R=3.0 cav=2 n= 132  qc_AB=0.192 (wA 0.708 wB 0.297)  gapBA=+0.357 exch=0.35/min0.25 turnA=0.72 NOT-CONV (15 min)
[gptsPT] R=3.0 cav=3 n= 133  qc_AB=0.225 (wA 0.682 wB 0.253)  gapBA=+0.321 exch=0.34/min0.25 turnA=0.71 NOT-CONV (18 min)
[gptsPT] R=3.0 cav=4 n= 126  qc_AB=0.253 (wA 0.686 wB 0.249)  gapBA=+0.250 exch=0.36/min0.30 turnA=0.69 NOT-CONV (20 min)
[gptsPT] R=3.0 cav=5 n= 126  qc_AB=0.126 (wA 0.301 wB 0.394)  gapBA=+0.112 exch=0.35/min0.30 turnA=0.49 OK (22 min)
[gptsPT] R=3.5 cav=0 n= 206  qc_AB=0.053 (wA 0.425 wB 0.332)  gapBA=+0.121 exch=0.25/min0.15 turnA=0.57 OK (25 min)
[gptsPT] R=3.5 cav=1 n= 209  qc_AB=0.063 (wA 0.662 wB 0.583)  gapBA=+0.342 exch=0.24/min0.15 turnA=0.67 NOT-CONV (28 min)
[gptsPT] R=3.5 cav=2 n= 197  qc_AB=0.063 (wA 0.544 wB 0.305)  gapBA=+0.239 exch=0.26/min0.15 turnA=0.59 NOT-CONV (31 min)
[gptsPT] R=3.5 cav=3 n= 212  qc_AB=0.093 (wA 0.637 wB 0.232)  gapBA=+0.201 exch=0.24/min0.20 turnA=0.74 NOT-CONV (34 min)
[gptsPT] R=3.5 cav=4 n= 204  qc_AB=0.097 (wA 0.373 wB 0.282)  gapBA=+0.307 exch=0.25/min0.20 turnA=0.50 NOT-CONV (37 min)
[gptsPT] R=3.5 cav=5 n= 207  qc_AB=0.153 (wA 0.632 wB 0.353)  gapBA=+0.235 exch=0.23/min0.15 turnA=0.65 NOT-CONV (40 min)
[gptsPT] R=4.0 cav=0 n= 315  qc_AB=0.050 (wA 0.662 wB 0.554)  gapBA=+0.188 exch=0.15/min0.10 turnA=0.66 NOT-CONV (45 min)
[gptsPT] R=4.0 cav=1 n= 301  qc_AB=0.187 (wA 0.438 wB 0.313)  gapBA=+0.221 exch=0.16/min0.10 turnA=0.61 NOT-CONV (50 min)
[gptsPT] R=4.0 cav=2 n= 304  qc_AB=0.212 (wA 0.665 wB 0.598)  gapBA=+0.279 exch=0.15/min0.09 turnA=0.66 NOT-CONV (55 min)
[gptsPT] R=4.0 cav=3 n= 311  qc_AB=0.128 (wA 0.607 wB 0.320)  gapBA=+0.178 exch=0.15/min0.10 turnA=0.67 NOT-CONV (59 min)
[gptsPT] R=4.0 cav=4 n= 321  qc_AB=0.097 (wA 0.586 wB 0.257)  gapBA=+0.282 exch=0.15/min0.10 turnA=0.73 NOT-CONV (64 min)
[gptsPT] R=4.0 cav=5 n= 307  qc_AB=0.048 (wA 0.497 wB 0.340)  gapBA=+0.261 exch=0.16/min0.11 turnA=0.58 NOT-CONV (69 min)

[gptsPT] G_PTS(R) (crossAB median over converged cavities):
  R=1.5:  G_PTS=0.757 (6 conv, 0 flagged)
  R=2.0:  G_PTS=0.628 (5 conv, 1 flagged)
  R=2.5:  NO converged cavities (6 flagged)
  R=3.0:  G_PTS=0.126 (1 conv, 5 flagged)
  R=3.5:  G_PTS=0.053 (1 conv, 5 flagged)
  R=4.0:  NO converged cavities (6 flagged)
[gptsPT] DONE -> liquid_coupling_flow/artifacts/gpts_bigbox_pt_N4096.pt  (69 min)
