seed 1 b  0.000  <U> +20603.846
seed 1 b  0.020  <U>  +316.699
seed 1 b  0.050  <U>  +163.651
seed 1 b  0.100  <U>   +78.597
seed 1 b  0.150  <U>   +40.316
seed 1 b  0.220  <U>    +9.302
seed 1 b  0.320  <U>   -14.644
seed 1 b  0.500  <U>   -37.527
seed 1 b  0.700  <U>   -51.113
seed 1 b  1.000  <U>   -62.434
seed 1 b  1.400  <U>   -72.193
seed 1 b  2.000  <U>   -80.194
seed 1 b  2.800  <U>   -86.438
seed 1 b  3.900  <U>   -91.502
seed 1 b  5.400  <U>   -95.556
seed 1 b  7.500  <U>   -99.436
seed 1 b 10.381  <U>  -102.952
seed 1: logZ(TI) = 993.83   [certified-SMC 1198.1 | flow-path SMC ~1222]
seed 2 b  0.000  <U> +20593.486
seed 2 b  0.020  <U>  +316.864
seed 2 b  0.050  <U>  +161.117
seed 2 b  0.100  <U>   +77.990
seed 2 b  0.150  <U>   +40.705
seed 2 b  0.220  <U>    +9.749
seed 2 b  0.320  <U>   -14.379
seed 2 b  0.500  <U>   -36.900
seed 2 b  0.700  <U>   -49.485
seed 2 b  1.000  <U>   -62.782
seed 2 b  1.400  <U>   -72.333
seed 2 b  2.000  <U>   -80.315
seed 2 b  2.800  <U>   -86.649
seed 2 b  3.900  <U>   -91.406
seed 2 b  5.400  <U>   -95.596
seed 2 b  7.500  <U>   -99.456
seed 2 b 10.381  <U>  -103.043
seed 2: logZ(TI) = 994.04   [certified-SMC 1198.1 | flow-path SMC ~1222]

TI verdict: {1: 993.8315167846118, 2: 994.0434051941734}
