3D cavity-EBM: train=6720 held=128 radii=(1.6, 2.0, 2.5, 3.0) dev=cuda
warm liquid_coupling_flow/artifacts/ka3d_cavity_ebm3ax_rho115_best.pt: 11 new, 0 unused; frameless
  new params (up to 12): ['coarse.head_coarse.weight', 'coarse.head_coarse.bias', 'coarse.cell_emb.weight', 'coarse.head_fa.weight', 'coarse.head_fa.bias', 'coarse.head_fb.weight', 'coarse.head_fb.bias', 'coarse.head_fc.weight', 'coarse.head_fc.bias', 'coarse.femb_a.weight', 'coarse.femb_b.weight']
step     0 loss +2.7479  held_nll +2.4922  gap +0.2558  MTM(k4,N16) nan%  (2s)
step   500 loss -1.3120  held_nll -1.5851  gap +0.2730  MTM(k4,N16) nan%  (347s)
step  1000 loss -2.0200  held_nll -2.0476  gap +0.0276  MTM(k4,N16) nan%  (687s)
step  1500 loss -2.4284  held_nll -2.2147  gap -0.2137  MTM(k4,N16) nan%  (1034s)
step  2000 loss -2.1802  held_nll -2.3067  gap +0.1264  MTM(k4,N16) nan%  (1383s)
step  2500 loss -2.2514  held_nll -2.3854  gap +0.1340  MTM(k4,N16) nan%  (1727s)
step  3000 loss -2.3481  held_nll -2.4248  gap +0.0768  MTM(k4,N16) nan%  (2073s)
step  3500 loss -2.3821  held_nll -2.4667  gap +0.0846  MTM(k4,N16) nan%  (2418s)
step  4000 loss -2.3013  held_nll -2.5041  gap +0.2028  MTM(k4,N16) nan%  (2768s)
step  4500 loss -2.2340  held_nll -2.5254  gap +0.2913  MTM(k4,N16) nan%  (3114s)
step  5000 loss -2.4007  held_nll -2.5471  gap +0.1464  MTM(k4,N16) nan%  (3493s)
step  5500 loss -2.8312  held_nll -2.5630  gap -0.2681  MTM(k4,N16) nan%  (3877s)
step  6000 loss -2.8073  held_nll -2.5694  gap -0.2379  MTM(k4,N16) nan%  (4251s)
step  6500 loss -2.5350  held_nll -2.5728  gap +0.0377  MTM(k4,N16) nan%  (4598s)
step  7000 loss -2.5996  held_nll -2.5839  gap -0.0157  MTM(k4,N16) nan%  (4944s)
step  7500 loss -2.6844  held_nll -2.5805  gap -0.1039  MTM(k4,N16) nan%  (5289s)
step  8000 loss -2.7255  held_nll -2.5905  gap -0.1351  MTM(k4,N16) nan%  (5636s)
step  8500 loss -2.9279  held_nll -2.5921  gap -0.3358  MTM(k4,N16) nan%  (6025s)
step  9000 loss -2.4751  held_nll -2.5904  gap +0.1153  MTM(k4,N16) nan%  (6423s)
step  9500 loss -2.6536  held_nll -2.6136  gap -0.0400  MTM(k4,N16) nan%  (6814s)
step 10000 loss -2.6823  held_nll -2.6239  gap -0.0584  MTM(k4,N16) nan%  (7216s)
step 10500 loss -2.7158  held_nll -2.6433  gap -0.0726  MTM(k4,N16) nan%  (7598s)
step 11000 loss -3.0251  held_nll -2.6491  gap -0.3760  MTM(k4,N16) nan%  (7940s)
step 11500 loss -2.4673  held_nll -2.6449  gap +0.1776  MTM(k4,N16) nan%  (8285s)
step 12000 loss -2.6252  held_nll -2.6326  gap +0.0075  MTM(k4,N16) nan%  (8630s)
step 12500 loss -3.0048  held_nll -2.6393  gap -0.3655  MTM(k4,N16) nan%  (8974s)
step 13000 loss -2.7669  held_nll -2.6379  gap -0.1289  MTM(k4,N16) nan%  (9319s)
step 13500 loss -2.6827  held_nll -2.6609  gap -0.0219  MTM(k4,N16) nan%  (9667s)
step 14000 loss -2.7242  held_nll -2.6568  gap -0.0674  MTM(k4,N16) nan%  (10010s)
step 14500 loss -2.7888  held_nll -2.6554  gap -0.1334  MTM(k4,N16) nan%  (10354s)
